Product: MDK-ARM Standard 5.10
Component: ARM Compiler 5.04 update 1 (build 49)
Tool: armlink [5040049]

==============================================================================

Section Cross References

    main.o(.text) refers to misc.o(.text) for NVIC_PriorityGroupConfig
    main.o(.text) refers to delay.o(.text) for delay_init
    main.o(.text) refers to usart.o(.text) for uart_init
    main.o(.text) refers to led.o(.text) for LED_Init
    main.o(.text) refers to lcd.o(.text) for LCD_Init
    main.o(.text) refers to key.o(.text) for KEY_Init
    main.o(.text) refers to w25qxx.o(.text) for W25QXX_Init
    main.o(.text) refers to usart3.o(.text) for usart3_init
    main.o(.text) refers to malloc.o(.text) for my_mem_init
    main.o(.text) refers to exfuns.o(.text) for exfuns_init
    main.o(.text) refers to ff.o(.text) for f_mount
    main.o(.text) refers to touch.o(.text) for TP_Adjust
    main.o(.text) refers to fontupd.o(.text) for font_init
    main.o(.text) refers to sdio_sdcard.o(.text) for SD_Init
    main.o(.text) refers to sim900a.o(.text) for sim900a_test
    main.o(.text) refers to touch.o(.data) for tp_dev
    main.o(.text) refers to usmart_config.o(.data) for usmart_dev
    main.o(.text) refers to exfuns.o(.data) for fs
    main.o(.text) refers to lcd.o(.data) for POINT_COLOR
    system_stm32f4xx.o(.text) refers to system_stm32f4xx.o(.data) for SystemCoreClock
    led.o(.text) refers to stm32f4xx_rcc.o(.text) for RCC_AHB1PeriphClockCmd
    led.o(.text) refers to stm32f4xx_gpio.o(.text) for GPIO_Init
    lcd.o(.text) refers to _printf_percent.o(.ARM.Collect$$_printf_percent$$00000000) for _printf_percent
    lcd.o(.text) refers to _printf_x.o(.ARM.Collect$$_printf_percent$$0000000C) for _printf_x
    lcd.o(.text) refers to _printf_hex_int_ll_ptr.o(.text) for _printf_longlong_hex
    lcd.o(.text) refers to delay.o(.text) for delay_us
    lcd.o(.text) refers to lcd.o(.bss) for lcddev
    lcd.o(.text) refers to lcd.o(.data) for POINT_COLOR
    lcd.o(.text) refers to stm32f4xx_rcc.o(.text) for RCC_AHB1PeriphClockCmd
    lcd.o(.text) refers to stm32f4xx_gpio.o(.text) for GPIO_Init
    lcd.o(.text) refers to stm32f4xx_fsmc.o(.text) for FSMC_NORSRAMInit
    lcd.o(.text) refers to __2printf.o(.text) for __2printf
    lcd.o(.text) refers to lcd.o(.constdata) for asc2_1206
    key.o(.text) refers to stm32f4xx_rcc.o(.text) for RCC_AHB1PeriphClockCmd
    key.o(.text) refers to stm32f4xx_gpio.o(.text) for GPIO_Init
    key.o(.text) refers to delay.o(.text) for delay_ms
    key.o(.text) refers to key.o(.data) for key_up
    spi.o(.text) refers to stm32f4xx_spi.o(.text) for SPI_I2S_GetFlagStatus
    spi.o(.text) refers to stm32f4xx_rcc.o(.text) for RCC_AHB1PeriphClockCmd
    spi.o(.text) refers to stm32f4xx_gpio.o(.text) for GPIO_Init
    w25qxx.o(.text) refers to _printf_percent.o(.ARM.Collect$$_printf_percent$$00000000) for _printf_percent
    w25qxx.o(.text) refers to _printf_x.o(.ARM.Collect$$_printf_percent$$0000000C) for _printf_x
    w25qxx.o(.text) refers to _printf_hex_int_ll_ptr.o(.text) for _printf_longlong_hex
    w25qxx.o(.text) refers to spi.o(.text) for SPI1_ReadWriteByte
    w25qxx.o(.text) refers to stm32f4xx_rcc.o(.text) for RCC_AHB1PeriphClockCmd
    w25qxx.o(.text) refers to stm32f4xx_gpio.o(.text) for GPIO_Init
    w25qxx.o(.text) refers to __2printf.o(.text) for __2printf
    w25qxx.o(.text) refers to delay.o(.text) for delay_us
    w25qxx.o(.text) refers to w25qxx.o(.data) for W25QXX_TYPE
    w25qxx.o(.text) refers to w25qxx.o(.bss) for W25QXX_BUFFER
    sdio_sdcard.o(.text) refers to stm32f4xx_sdio.o(.text) for SDIO_GetFlagStatus
    sdio_sdcard.o(.text) refers to sdio_sdcard.o(.data) for DeviceMode
    sdio_sdcard.o(.text) refers to sdio_sdcard.o(.bss) for SDIO_CmdInitStructure
    sdio_sdcard.o(.text) refers to stm32f4xx_rcc.o(.text) for RCC_AHB1PeriphClockCmd
    sdio_sdcard.o(.text) refers to stm32f4xx_gpio.o(.text) for GPIO_Init
    sdio_sdcard.o(.text) refers to misc.o(.text) for NVIC_Init
    sdio_sdcard.o(.text) refers to stm32f4xx_dma.o(.text) for DMA_GetCmdStatus
    sdio_sdcard.o(.text) refers to sys.o(.emb_text) for INTX_DISABLE
    sdio_sdcard.o(.text) refers to rt_memcpy_v6.o(.text) for __aeabi_memcpy
    24cxx.o(.text) refers to myiic.o(.text) for IIC_Init
    24cxx.o(.text) refers to delay.o(.text) for delay_ms
    myiic.o(.text) refers to stm32f4xx_rcc.o(.text) for RCC_AHB1PeriphClockCmd
    myiic.o(.text) refers to stm32f4xx_gpio.o(.text) for GPIO_Init
    myiic.o(.text) refers to delay.o(.text) for delay_us
    timer.o(.text) refers to stm32f4xx_tim.o(.text) for TIM_GetITStatus
    timer.o(.text) refers to stm32f4xx_rcc.o(.text) for RCC_APB1PeriphClockCmd
    timer.o(.text) refers to misc.o(.text) for NVIC_Init
    timer.o(.text) refers to usart3.o(.data) for USART3_RX_STA
    usart3.o(.text) refers to stm32f4xx_usart.o(.text) for USART_GetITStatus
    usart3.o(.text) refers to stm32f4xx_tim.o(.text) for TIM_SetCounter
[...]
    DMA_Init                                 0x080097c9   Thumb Code    82  stm32f4xx_dma.o(.text)
    DMA_StructInit                           0x0800981b   Thumb Code    34  stm32f4xx_dma.o(.text)
    DMA_Cmd                                  0x0800983d   Thumb Code    22  stm32f4xx_dma.o(.text)
    DMA_PeriphIncOffsetSizeConfig            0x08009853   Thumb Code    22  stm32f4xx_dma.o(.text)
    DMA_FlowControllerConfig                 0x08009869   Thumb Code    22  stm32f4xx_dma.o(.text)
    DMA_SetCurrDataCounter                   0x0800987f   Thumb Code     4  stm32f4xx_dma.o(.text)
    DMA_GetCurrDataCounter                   0x08009883   Thumb Code     8  stm32f4xx_dma.o(.text)
    DMA_DoubleBufferModeConfig               0x0800988b   Thumb Code    24  stm32f4xx_dma.o(.text)
    DMA_DoubleBufferModeCmd                  0x080098a3   Thumb Code    22  stm32f4xx_dma.o(.text)
    DMA_MemoryTargetConfig                   0x080098b9   Thumb Code    10  stm32f4xx_dma.o(.text)
    DMA_GetCurrentMemoryTarget               0x080098c3   Thumb Code    20  stm32f4xx_dma.o(.text)
    DMA_GetCmdStatus                         0x080098d7   Thumb Code    20  stm32f4xx_dma.o(.text)
    DMA_GetFIFOStatus                        0x080098eb   Thumb Code    12  stm32f4xx_dma.o(.text)
    DMA_GetFlagStatus                        0x080098f7   Thumb Code    56  stm32f4xx_dma.o(.text)
    DMA_ClearFlag                            0x0800992f   Thumb Code    40  stm32f4xx_dma.o(.text)
    DMA_ITConfig                             0x08009957   Thumb Code    58  stm32f4xx_dma.o(.text)
    DMA_GetITStatus                          0x08009991   Thumb Code    84  stm32f4xx_dma.o(.text)
    DMA_ClearITPendingBit                    0x080099e5   Thumb Code    40  stm32f4xx_dma.o(.text)
    FSMC_NORSRAMDeInit                       0x08009a2d   Thumb Code    54  stm32f4xx_fsmc.o(.text)
    FSMC_NORSRAMInit                         0x08009a63   Thumb Code   230  stm32f4xx_fsmc.o(.text)
    FSMC_NORSRAMStructInit                   0x08009b49   Thumb Code    48  stm32f4xx_fsmc.o(.text)
    FSMC_NORSRAMCmd                          0x08009b79   Thumb Code    46  stm32f4xx_fsmc.o(.text)
    FSMC_NANDDeInit                          0x08009ba7   Thumb Code    62  stm32f4xx_fsmc.o(.text)
    FSMC_NANDInit                            0x08009be5   Thumb Code   132  stm32f4xx_fsmc.o(.text)
    FSMC_NANDStructInit                      0x08009c69   Thumb Code    54  stm32f4xx_fsmc.o(.text)
    FSMC_NANDCmd                             0x08009c9f   Thumb Code    86  stm32f4xx_fsmc.o(.text)
    FSMC_NANDECCCmd                          0x08009cf5   Thumb Code    86  stm32f4xx_fsmc.o(.text)
    FSMC_GetECC                              0x08009d4b   Thumb Code    24  stm32f4xx_fsmc.o(.text)
    FSMC_PCCARDDeInit                        0x08009d63   Thumb Code    36  stm32f4xx_fsmc.o(.text)
    FSMC_PCCARDInit                          0x08009d87   Thumb Code   130  stm32f4xx_fsmc.o(.text)
    FSMC_PCCARDStructInit                    0x08009e09   Thumb Code    60  stm32f4xx_fsmc.o(.text)
    FSMC_PCCARDCmd                           0x08009e45   Thumb Code    44  stm32f4xx_fsmc.o(.text)
    FSMC_ITConfig                            0x08009e71   Thumb Code   128  stm32f4xx_fsmc.o(.text)
    FSMC_GetFlagStatus                       0x08009ef1   Thumb Code    54  stm32f4xx_fsmc.o(.text)
    FSMC_ClearFlag                           0x08009f27   Thumb Code    74  stm32f4xx_fsmc.o(.text)
    FSMC_GetITStatus                         0x08009f71   Thumb Code    62  stm32f4xx_fsmc.o(.text)
    FSMC_ClearITPendingBit                   0x08009faf   Thumb Code    66  stm32f4xx_fsmc.o(.text)
    GPIO_DeInit                              0x08009ff5   Thumb Code   268  stm32f4xx_gpio.o(.text)
    GPIO_Init                                0x0800a101   Thumb Code   144  stm32f4xx_gpio.o(.text)
    GPIO_StructInit                          0x0800a191   Thumb Code    18  stm32f4xx_gpio.o(.text)
    GPIO_PinLockConfig                       0x0800a1a3   Thumb Code    34  stm32f4xx_gpio.o(.text)
    GPIO_ReadInputDataBit                    0x0800a1c5   Thumb Code    18  stm32f4xx_gpio.o(.text)
    GPIO_ReadInputData                       0x0800a1d7   Thumb Code     8  stm32f4xx_gpio.o(.text)
    GPIO_ReadOutputDataBit                   0x0800a1df   Thumb Code    18  stm32f4xx_gpio.o(.text)
    GPIO_ReadOutputData                      0x0800a1f1   Thumb Code     8  stm32f4xx_gpio.o(.text)
    GPIO_SetBits                             0x0800a1f9   Thumb Code     4  stm32f4xx_gpio.o(.text)
    GPIO_ResetBits                           0x0800a1fd   Thumb Code     4  stm32f4xx_gpio.o(.text)
    GPIO_WriteBit                            0x0800a201   Thumb Code    10  stm32f4xx_gpio.o(.text)
    GPIO_Write                               0x0800a20b   Thumb Code     4  stm32f4xx_gpio.o(.text)
    GPIO_ToggleBits                          0x0800a20f   Thumb Code     8  stm32f4xx_gpio.o(.text)
    GPIO_PinAFConfig                         0x0800a217   Thumb Code    70  stm32f4xx_gpio.o(.text)
    RCC_DeInit                               0x0800a289   Thumb Code    82  stm32f4xx_rcc.o(.text)
    RCC_HSEConfig                            0x0800a2db   Thumb Code    14  stm32f4xx_rcc.o(.text)
    RCC_GetFlagStatus                        0x0800a2e9   Thumb Code    60  stm32f4xx_rcc.o(.text)
    RCC_WaitForHSEStartUp                    0x0800a325   Thumb Code    56  stm32f4xx_rcc.o(.text)
    RCC_AdjustHSICalibrationValue            0x0800a35d   Thumb Code    20  stm32f4xx_rcc.o(.text)
    RCC_HSICmd                               0x0800a371   Thumb Code     6  stm32f4xx_rcc.o(.text)
    RCC_LSEConfig                            0x0800a377   Thumb Code    46  stm32f4xx_rcc.o(.text)
    RCC_LSICmd                               0x0800a3a5   Thumb Code     6  stm32f4xx_rcc.o(.text)
    RCC_PLLConfig                            0x0800a3ab   Thumb Code    32  stm32f4xx_rcc.o(.text)
    RCC_PLLCmd                               0x0800a3cb   Thumb Code     6  stm32f4xx_rcc.o(.text)
    RCC_PLLI2SConfig                         0x0800a3d1   Thumb Code    14  stm32f4xx_rcc.o(.text)
    RCC_PLLI2SCmd                            0x0800a3df   Thumb Code     6  stm32f4xx_rcc.o(.text)
    RCC_PLLSAIConfig                         0x0800a3e5   Thumb Code    20  stm32f4xx_rcc.o(.text)
    RCC_PLLSAICmd                            0x0800a3f9   Thumb Code     6  stm32f4xx_rcc.o(.text)
    RCC_ClockSecuritySystemCmd               0x0800a3ff   Thumb Code     6  stm32f4xx_rcc.o(.text)
    RCC_MCO1Config                           0x0800a405   Thumb Code    28  stm32f4xx_rcc.o(.text)
    RCC_MCO2Config                           0x0800a421   Thumb Code    28  stm32f4xx_rcc.o(.text)
    RCC_SYSCLKConfig                         0x0800a43d   Thumb Code    20  stm32f4xx_rcc.o(.text)
    RCC_GetSYSCLKSource                      0x0800a451   Thumb Code    12  stm32f4xx_rcc.o(.text)
    RCC_HCLKConfig                           0x0800a45d   Thumb Code    20  stm32f4xx_rcc.o(.text)
    RCC_PCLK1Config                          0x0800a471   Thumb Code    20  stm32f4xx_rcc.o(.text)
    RCC_PCLK2Config                          0x0800a485   Thumb Code    22  stm32f4xx_rcc.o(.text)
    RCC_GetClocksFreq                        0x0800a49b   Thumb Code   222  stm32f4xx_rcc.o(.text)
    RCC_RTCCLKConfig                         0x0800a579   Thumb Code    54  stm32f4xx_rcc.o(.text)
    RCC_RTCCLKCmd                            0x0800a5af   Thumb Code     8  stm32f4xx_rcc.o(.text)
    RCC_BackupResetCmd                       0x0800a5b7   Thumb Code     8  stm32f4xx_rcc.o(.text)
    RCC_I2SCLKConfig                         0x0800a5bf   Thumb Code     6  stm32f4xx_rcc.o(.text)
    RCC_SAIPLLI2SClkDivConfig                0x0800a5c5   Thumb Code    26  stm32f4xx_rcc.o(.text)
    RCC_SAIPLLSAIClkDivConfig                0x0800a5df   Thumb Code    28  stm32f4xx_rcc.o(.text)
    RCC_SAIBlockACLKConfig                   0x0800a5fb   Thumb Code    20  stm32f4xx_rcc.o(.text)
    RCC_SAIBlockBCLKConfig                   0x0800a60f   Thumb Code    20  stm32f4xx_rcc.o(.text)
    RCC_LTDCCLKDivConfig                     0x0800a623   Thumb Code    20  stm32f4xx_rcc.o(.text)
    RCC_TIMCLKPresConfig                     0x0800a637   Thumb Code     6  stm32f4xx_rcc.o(.text)
    RCC_AHB1PeriphClockCmd                   0x0800a63d   Thumb Code    34  stm32f4xx_rcc.o(.text)
    RCC_AHB2PeriphClockCmd                   0x0800a65f   Thumb Code    78  stm32f4xx_rcc.o(.text)
    RCC_AHB3PeriphClockCmd                   0x0800a6ad   Thumb Code    34  stm32f4xx_rcc.o(.text)
    RCC_APB1PeriphClockCmd                   0x0800a6cf   Thumb Code    34  stm32f4xx_rcc.o(.text)
    RCC_APB2PeriphClockCmd                   0x0800a6f1   Thumb Code    34  stm32f4xx_rcc.o(.text)
    RCC_AHB1PeriphResetCmd                   0x0800a713   Thumb Code    34  stm32f4xx_rcc.o(.text)
    RCC_AHB2PeriphResetCmd                   0x0800a735   Thumb Code    34  stm32f4xx_rcc.o(.text)
    RCC_AHB3PeriphResetCmd                   0x0800a757   Thumb Code    34  stm32f4xx_rcc.o(.text)
    RCC_APB1PeriphResetCmd                   0x0800a779   Thumb Code    34  stm32f4xx_rcc.o(.text)
    RCC_APB2PeriphResetCmd                   0x0800a79b   Thumb Code    34  stm32f4xx_rcc.o(.text)
    RCC_AHB1PeriphClockLPModeCmd             0x0800a7bd   Thumb Code    34  stm32f4xx_rcc.o(.text)
    RCC_AHB2PeriphClockLPModeCmd             0x0800a7df   Thumb Code    34  stm32f4xx_rcc.o(.text)
    RCC_AHB3PeriphClockLPModeCmd             0x0800a801   Thumb Code    34  stm32f4xx_rcc.o(.text)
    RCC_APB1PeriphClockLPModeCmd             0x0800a823   Thumb Code    34  stm32f4xx_rcc.o(.text)
    RCC_APB2PeriphClockLPModeCmd             0x0800a845   Thumb Code    34  stm32f4xx_rcc.o(.text)
    RCC_LSEModeConfig                        0x0800a867   Thumb Code    40  stm32f4xx_rcc.o(.text)
    RCC_ITConfig                             0x0800a88f   Thumb Code    34  stm32f4xx_rcc.o(.text)
    RCC_ClearFlag                            0x0800a8b1   Thumb Code    18  stm32f4xx_rcc.o(.text)
    RCC_GetITStatus                          0x0800a8c3   Thumb Code    22  stm32f4xx_rcc.o(.text)
    RCC_ClearITPendingBit                    0x0800a8d9   Thumb Code     8  stm32f4xx_rcc.o(.text)
    SDIO_DeInit                              0x0800a8e5   Thumb Code    22  stm32f4xx_sdio.o(.text)
    SDIO_Init                                0x0800a8fb   Thumb Code    42  stm32f4xx_sdio.o(.text)
    SDIO_StructInit                          0x0800a925   Thumb Code    16  stm32f4xx_sdio.o(.text)
    SDIO_ClockCmd                            0x0800a935   Thumb Code     6  stm32f4xx_sdio.o(.text)
    SDIO_SetPowerState                       0x0800a93b   Thumb Code     8  stm32f4xx_sdio.o(.text)
    SDIO_GetPowerState                       0x0800a943   Thumb Code    12  stm32f4xx_sdio.o(.text)
    SDIO_SendCommand                         0x0800a94f   Thumb Code    42  stm32f4xx_sdio.o(.text)
    SDIO_CmdStructInit                       0x0800a979   Thumb Code    14  stm32f4xx_sdio.o(.text)
    SDIO_GetCommandResponse                  0x0800a987   Thumb Code    10  stm32f4xx_sdio.o(.text)
    SDIO_GetResponse                         0x0800a991   Thumb Code    22  stm32f4xx_sdio.o(.text)
    SDIO_DataConfig                          0x0800a9a7   Thumb Code    48  stm32f4xx_sdio.o(.text)
    SDIO_DataStructInit                      0x0800a9d7   Thumb Code    20  stm32f4xx_sdio.o(.text)
    SDIO_GetDataCounter                      0x0800a9eb   Thumb Code     8  stm32f4xx_sdio.o(.text)
    SDIO_ReadData                            0x0800a9f3   Thumb Code     8  stm32f4xx_sdio.o(.text)
    SDIO_WriteData                           0x0800a9fb   Thumb Code     8  stm32f4xx_sdio.o(.text)
    SDIO_GetFIFOCount                        0x0800aa03   Thumb Code     8  stm32f4xx_sdio.o(.text)
    SDIO_StartSDIOReadWait                   0x0800aa0b   Thumb Code     6  stm32f4xx_sdio.o(.text)
    SDIO_StopSDIOReadWait                    0x0800aa11   Thumb Code     8  stm32f4xx_sdio.o(.text)
    SDIO_SetSDIOReadWaitMode                 0x0800aa19   Thumb Code     8  stm32f4xx_sdio.o(.text)
    SDIO_SetSDIOOperation                    0x0800aa21   Thumb Code     8  stm32f4xx_sdio.o(.text)
    SDIO_SendSDIOSuspendCmd                  0x0800aa29   Thumb Code     6  stm32f4xx_sdio.o(.text)
    SDIO_CommandCompletionCmd                0x0800aa2f   Thumb Code     8  stm32f4xx_sdio.o(.text)
    SDIO_CEATAITCmd                          0x0800aa37   Thumb Code    12  stm32f4xx_sdio.o(.text)
    SDIO_SendCEATACmd                        0x0800aa43   Thumb Code     8  stm32f4xx_sdio.o(.text)
    SDIO_DMACmd                              0x0800aa4b   Thumb Code     8  stm32f4xx_sdio.o(.text)
    SDIO_ITConfig                            0x0800aa53   Thumb Code    34  stm32f4xx_sdio.o(.text)
    SDIO_GetFlagStatus                       0x0800aa75   Thumb Code    22  stm32f4xx_sdio.o(.text)
    SDIO_ClearFlag                           0x0800aa8b   Thumb Code     8  stm32f4xx_sdio.o(.text)
    SDIO_GetITStatus                         0x0800aa93   Thumb Code    22  stm32f4xx_sdio.o(.text)
    SDIO_ClearITPendingBit                   0x0800aaa9   Thumb Code     8  stm32f4xx_sdio.o(.text)
    USART_DeInit                             0x0800aac1   Thumb Code   206  stm32f4xx_usart.o(.text)
    USART_Init                               0x0800ab8f   Thumb Code   204  stm32f4xx_usart.o(.text)
    USART_StructInit                         0x0800ac5b   Thumb Code    24  stm32f4xx_usart.o(.text)
    USART_ClockInit                          0x0800ac73   Thumb Code    32  stm32f4xx_usart.o(.text)
    USART_ClockStructInit                    0x0800ac93   Thumb Code    12  stm32f4xx_usart.o(.text)
    USART_Cmd                                0x0800ac9f   Thumb Code    24  stm32f4xx_usart.o(.text)
    USART_SetPrescaler                       0x0800acb7   Thumb Code    16  stm32f4xx_usart.o(.text)
    USART_OverSampling8Cmd                   0x0800acc7   Thumb Code    22  stm32f4xx_usart.o(.text)
    USART_OneBitMethodCmd                    0x0800acdd   Thumb Code    24  stm32f4xx_usart.o(.text)
    USART_SendData                           0x0800acf5   Thumb Code     8  stm32f4xx_usart.o(.text)
    USART_ReceiveData                        0x0800acfd   Thumb Code    10  stm32f4xx_usart.o(.text)
    USART_SetAddress                         0x0800ad07   Thumb Code    18  stm32f4xx_usart.o(.text)
    USART_ReceiverWakeUpCmd                  0x0800ad19   Thumb Code    24  stm32f4xx_usart.o(.text)
    USART_WakeUpConfig                       0x0800ad31   Thumb Code    18  stm32f4xx_usart.o(.text)
    USART_LINBreakDetectLengthConfig         0x0800ad43   Thumb Code    18  stm32f4xx_usart.o(.text)
    USART_LINCmd                             0x0800ad55   Thumb Code    24  stm32f4xx_usart.o(.text)
    USART_SendBreak                          0x0800ad6d   Thumb Code    10  stm32f4xx_usart.o(.text)
    USART_HalfDuplexCmd                      0x0800ad77   Thumb Code    24  stm32f4xx_usart.o(.text)
    USART_SetGuardTime                       0x0800ad8f   Thumb Code    16  stm32f4xx_usart.o(.text)
    USART_SmartCardCmd                       0x0800ad9f   Thumb Code    24  stm32f4xx_usart.o(.text)
    USART_SmartCardNACKCmd                   0x0800adb7   Thumb Code    24  stm32f4xx_usart.o(.text)
    USART_IrDAConfig                         0x0800adcf   Thumb Code    18  stm32f4xx_usart.o(.text)
    USART_IrDACmd                            0x0800ade1   Thumb Code    24  stm32f4xx_usart.o(.text)
    USART_DMACmd                             0x0800adf9   Thumb Code    18  stm32f4xx_usart.o(.text)
    USART_ITConfig                           0x0800ae0b   Thumb Code    74  stm32f4xx_usart.o(.text)
    USART_GetFlagStatus                      0x0800ae55   Thumb Code    26  stm32f4xx_usart.o(.text)
    USART_ClearFlag                          0x0800ae6f   Thumb Code    18  stm32f4xx_usart.o(.text)
    USART_GetITStatus                        0x0800ae81   Thumb Code   118  stm32f4xx_usart.o(.text)
    USART_ClearITPendingBit                  0x0800aef7   Thumb Code    30  stm32f4xx_usart.o(.text)
    SPI_I2S_DeInit                           0x0800af15   Thumb Code   152  stm32f4xx_spi.o(.text)
    SPI_Init                                 0x0800afad   Thumb Code    60  stm32f4xx_spi.o(.text)
    I2S_Init                                 0x0800afe9   Thumb Code   396  stm32f4xx_spi.o(.text)
    SPI_StructInit                           0x0800b175   Thumb Code    24  stm32f4xx_spi.o(.text)
    I2S_StructInit                           0x0800b18d   Thumb Code    20  stm32f4xx_spi.o(.text)
    SPI_Cmd                                  0x0800b1a1   Thumb Code    24  stm32f4xx_spi.o(.text)
    I2S_Cmd                                  0x0800b1b9   Thumb Code    24  stm32f4xx_spi.o(.text)
    SPI_DataSizeConfig                       0x0800b1d1   Thumb Code    18  stm32f4xx_spi.o(.text)
    SPI_BiDirectionalLineConfig              0x0800b1e3   Thumb Code    28  stm32f4xx_spi.o(.text)
    SPI_NSSInternalSoftwareConfig            0x0800b1ff   Thumb Code    30  stm32f4xx_spi.o(.text)
    SPI_SSOutputCmd                          0x0800b21d   Thumb Code    24  stm32f4xx_spi.o(.text)
    SPI_TIModeCmd                            0x0800b235   Thumb Code    24  stm32f4xx_spi.o(.text)
    I2S_FullDuplexConfig                     0x0800b24d   Thumb Code    80  stm32f4xx_spi.o(.text)
    SPI_I2S_ReceiveData                      0x0800b29d   Thumb Code     6  stm32f4xx_spi.o(.text)
    SPI_I2S_SendData                         0x0800b2a3   Thumb Code     4  stm32f4xx_spi.o(.text)
    SPI_CalculateCRC                         0x0800b2a7   Thumb Code    24  stm32f4xx_spi.o(.text)
    SPI_TransmitCRC                          0x0800b2bf   Thumb Code    10  stm32f4xx_spi.o(.text)
    SPI_GetCRC                               0x0800b2c9   Thumb Code    16  stm32f4xx_spi.o(.text)
    SPI_GetCRCPolynomial                     0x0800b2d9   Thumb Code     6  stm32f4xx_spi.o(.text)
    SPI_I2S_DMACmd                           0x0800b2df   Thumb Code    18  stm32f4xx_spi.o(.text)
    SPI_I2S_ITConfig                         0x0800b2f1   Thumb Code    68  stm32f4xx_spi.o(.text)
    SPI_I2S_GetFlagStatus                    0x0800b335   Thumb Code    18  stm32f4xx_spi.o(.text)
    SPI_I2S_ClearFlag                        0x0800b347   Thumb Code     6  stm32f4xx_spi.o(.text)
    SPI_I2S_GetITStatus                      0x0800b34d   Thumb Code    52  stm32f4xx_spi.o(.text)
    SPI_I2S_ClearITPendingBit                0x0800b381   Thumb Code    20  stm32f4xx_spi.o(.text)
    TIM_DeInit                               0x0800b395   Thumb Code   346  stm32f4xx_tim.o(.text)
    TIM_TimeBaseInit                         0x0800b4ef   Thumb Code   104  stm32f4xx_tim.o(.text)
    TIM_TimeBaseStructInit                   0x0800b557   Thumb Code    18  stm32f4xx_tim.o(.text)
    TIM_PrescalerConfig                      0x0800b569   Thumb Code     6  stm32f4xx_tim.o(.text)
    TIM_CounterModeConfig                    0x0800b56f   Thumb Code    18  stm32f4xx_tim.o(.text)
    TIM_SetCounter                           0x0800b581   Thumb Code     4  stm32f4xx_tim.o(.text)
    TIM_SetAutoreload                        0x0800b585   Thumb Code     4  stm32f4xx_tim.o(.text)
    TIM_GetCounter                           0x0800b589   Thumb Code     6  stm32f4xx_tim.o(.text)
    TIM_GetPrescaler                         0x0800b58f   Thumb Code     6  stm32f4xx_tim.o(.text)
    TIM_UpdateDisableConfig                  0x0800b595   Thumb Code    24  stm32f4xx_tim.o(.text)
    TIM_UpdateRequestConfig                  0x0800b5ad   Thumb Code    24  stm32f4xx_tim.o(.text)
    TIM_ARRPreloadConfig                     0x0800b5c5   Thumb Code    24  stm32f4xx_tim.o(.text)
    TIM_SelectOnePulseMode                   0x0800b5dd   Thumb Code    18  stm32f4xx_tim.o(.text)
    TIM_SetClockDivision                     0x0800b5ef   Thumb Code    18  stm32f4xx_tim.o(.text)
    TIM_Cmd                                  0x0800b601   Thumb Code    24  stm32f4xx_tim.o(.text)
    TIM_OC1Init                              0x0800b619   Thumb Code   114  stm32f4xx_tim.o(.text)
    TIM_OC2Init                              0x0800b68b   Thumb Code   154  stm32f4xx_tim.o(.text)
    TIM_OC3Init                              0x0800b725   Thumb Code   204  stm32f4xx_tim.o(.text)
    TIM_OC4Init                              0x0800b7f1   Thumb Code   112  stm32f4xx_tim.o(.text)
    TIM_OCStructInit                         0x0800b861   Thumb Code    20  stm32f4xx_tim.o(.text)
    TIM_SelectOCxM                           0x0800b875   Thumb Code    86  stm32f4xx_tim.o(.text)
    TIM_SetCompare1                          0x0800b8cb   Thumb Code     4  stm32f4xx_tim.o(.text)
    TIM_SetCompare2                          0x0800b8cf   Thumb Code     4  stm32f4xx_tim.o(.text)
    TIM_SetCompare3                          0x0800b8d3   Thumb Code     4  stm32f4xx_tim.o(.text)
    TIM_SetCompare4                          0x0800b8d7   Thumb Code     4  stm32f4xx_tim.o(.text)
    TIM_ForcedOC1Config                      0x0800b8db   Thumb Code    18  stm32f4xx_tim.o(.text)
    TIM_ForcedOC2Config                      0x0800b8ed   Thumb Code    26  stm32f4xx_tim.o(.text)
    TIM_ForcedOC3Config                      0x0800b907   Thumb Code    18  stm32f4xx_tim.o(.text)
    TIM_ForcedOC4Config                      0x0800b919   Thumb Code    26  stm32f4xx_tim.o(.text)
    TIM_OC1PreloadConfig                     0x0800b933   Thumb Code    18  stm32f4xx_tim.o(.text)
    TIM_OC2PreloadConfig                     0x0800b945   Thumb Code    26  stm32f4xx_tim.o(.text)
    TIM_OC3PreloadConfig                     0x0800b95f   Thumb Code    18  stm32f4xx_tim.o(.text)
    TIM_OC4PreloadConfig                     0x0800b971   Thumb Code    26  stm32f4xx_tim.o(.text)
    TIM_OC1FastConfig                        0x0800b98b   Thumb Code    18  stm32f4xx_tim.o(.text)
    TIM_OC2FastConfig                        0x0800b99d   Thumb Code    26  stm32f4xx_tim.o(.text)
    TIM_OC3FastConfig                        0x0800b9b7   Thumb Code    18  stm32f4xx_tim.o(.text)
    TIM_OC4FastConfig                        0x0800b9c9   Thumb Code    26  stm32f4xx_tim.o(.text)
    TIM_ClearOC1Ref                          0x0800b9e3   Thumb Code    18  stm32f4xx_tim.o(.text)
    TIM_ClearOC2Ref                          0x0800b9f5   Thumb Code    24  stm32f4xx_tim.o(.text)
    TIM_ClearOC3Ref                          0x0800ba0d   Thumb Code    18  stm32f4xx_tim.o(.text)
    TIM_ClearOC4Ref                          0x0800ba1f   Thumb Code    24  stm32f4xx_tim.o(.text)
    TIM_OC1PolarityConfig                    0x0800ba37   Thumb Code    18  stm32f4xx_tim.o(.text)
    TIM_OC1NPolarityConfig                   0x0800ba49   Thumb Code    18  stm32f4xx_tim.o(.text)
    TIM_OC2PolarityConfig                    0x0800ba5b   Thumb Code    26  stm32f4xx_tim.o(.text)
    TIM_OC2NPolarityConfig                   0x0800ba75   Thumb Code    26  stm32f4xx_tim.o(.text)
    TIM_OC3PolarityConfig                    0x0800ba8f   Thumb Code    26  stm32f4xx_tim.o(.text)
    TIM_OC3NPolarityConfig                   0x0800baa9   Thumb Code    26  stm32f4xx_tim.o(.text)
    TIM_OC4PolarityConfig                    0x0800bac3   Thumb Code    26  stm32f4xx_tim.o(.text)
    TIM_CCxCmd                               0x0800badd   Thumb Code    30  stm32f4xx_tim.o(.text)
    TIM_CCxNCmd                              0x0800bafb   Thumb Code    30  stm32f4xx_tim.o(.text)
    TIM_SetIC4Prescaler                      0x0800bb19   Thumb Code    26  stm32f4xx_tim.o(.text)
    TIM_SetIC3Prescaler                      0x0800bb83   Thumb Code    18  stm32f4xx_tim.o(.text)
    TIM_SetIC2Prescaler                      0x0800bbdd   Thumb Code    26  stm32f4xx_tim.o(.text)
    TIM_SetIC1Prescaler                      0x0800bc51   Thumb Code    18  stm32f4xx_tim.o(.text)
    TIM_ICInit                               0x0800bc9d   Thumb Code   110  stm32f4xx_tim.o(.text)
    TIM_ICStructInit                         0x0800bd0b   Thumb Code    18  stm32f4xx_tim.o(.text)
    TIM_PWMIConfig                           0x0800bd1d   Thumb Code   124  stm32f4xx_tim.o(.text)
    TIM_GetCapture1                          0x0800bd99   Thumb Code     6  stm32f4xx_tim.o(.text)
    TIM_GetCapture2                          0x0800bd9f   Thumb Code     6  stm32f4xx_tim.o(.text)
    TIM_GetCapture3                          0x0800bda5   Thumb Code     6  stm32f4xx_tim.o(.text)
    TIM_GetCapture4                          0x0800bdab   Thumb Code     6  stm32f4xx_tim.o(.text)
    TIM_BDTRConfig                           0x0800bdb1   Thumb Code    32  stm32f4xx_tim.o(.text)
    TIM_BDTRStructInit                       0x0800bdd1   Thumb Code    18  stm32f4xx_tim.o(.text)
    TIM_CtrlPWMOutputs                       0x0800bde3   Thumb Code    30  stm32f4xx_tim.o(.text)
    TIM_SelectCOM                            0x0800be01   Thumb Code    24  stm32f4xx_tim.o(.text)
    TIM_CCPreloadControl                     0x0800be19   Thumb Code    24  stm32f4xx_tim.o(.text)
    TIM_ITConfig                             0x0800be31   Thumb Code    18  stm32f4xx_tim.o(.text)
    TIM_GenerateEvent                        0x0800be43   Thumb Code     4  stm32f4xx_tim.o(.text)
    TIM_GetFlagStatus                        0x0800be47   Thumb Code    18  stm32f4xx_tim.o(.text)
    TIM_ClearFlag                            0x0800be59   Thumb Code     6  stm32f4xx_tim.o(.text)
    TIM_GetITStatus                          0x0800be5f   Thumb Code    34  stm32f4xx_tim.o(.text)
    TIM_ClearITPendingBit                    0x0800be81   Thumb Code     6  stm32f4xx_tim.o(.text)
    TIM_DMAConfig                            0x0800be87   Thumb Code    10  stm32f4xx_tim.o(.text)
    TIM_DMACmd                               0x0800be91   Thumb Code    18  stm32f4xx_tim.o(.text)
    TIM_SelectCCDMA                          0x0800bea3   Thumb Code    24  stm32f4xx_tim.o(.text)
    TIM_InternalClockConfig                  0x0800bebb   Thumb Code    12  stm32f4xx_tim.o(.text)
    TIM_SelectInputTrigger                   0x0800bec7   Thumb Code    18  stm32f4xx_tim.o(.text)
    TIM_ITRxExternalClockConfig              0x0800bed9   Thumb Code    24  stm32f4xx_tim.o(.text)
    TIM_TIxExternalClockConfig               0x0800bef1   Thumb Code    62  stm32f4xx_tim.o(.text)
    TIM_ETRConfig                            0x0800bf2f   Thumb Code    28  stm32f4xx_tim.o(.text)
    TIM_ETRClockMode1Config                  0x0800bf4b   Thumb Code    54  stm32f4xx_tim.o(.text)
    TIM_ETRClockMode2Config                  0x0800bf81   Thumb Code    32  stm32f4xx_tim.o(.text)
    TIM_SelectOutputTrigger                  0x0800bfa1   Thumb Code    18  stm32f4xx_tim.o(.text)
    TIM_SelectSlaveMode                      0x0800bfb3   Thumb Code    18  stm32f4xx_tim.o(.text)
    TIM_SelectMasterSlaveMode                0x0800bfc5   Thumb Code    18  stm32f4xx_tim.o(.text)
    TIM_EncoderInterfaceConfig               0x0800bfd7   Thumb Code    66  stm32f4xx_tim.o(.text)
    TIM_SelectHallSensor                     0x0800c019   Thumb Code    24  stm32f4xx_tim.o(.text)
    TIM_RemapConfig                          0x0800c031   Thumb Code     6  stm32f4xx_tim.o(.text)
    mymemcpy                                 0x0800c039   Thumb Code    26  malloc.o(.text)
    mymemset                                 0x0800c053   Thumb Code    20  malloc.o(.text)
    my_mem_init                              0x0800c067   Thumb Code    54  malloc.o(.text)
    my_mem_perused                           0x0800c09d   Thumb Code    54  malloc.o(.text)
    my_mem_malloc                            0x0800c0d3   Thumb Code   154  malloc.o(.text)
    my_mem_free                              0x0800c16d   Thumb Code    94  malloc.o(.text)
    myfree                                   0x0800c1cb   Thumb Code    32  malloc.o(.text)
    mymalloc                                 0x0800c1eb   Thumb Code    36  malloc.o(.text)
    myrealloc                                0x0800c20f   Thumb Code    68  malloc.o(.text)
    usmart_sys_cmd_exe                       0x0800c265   Thumb Code  1554  usmart.o(.text)
    usmart_reset_runtime                     0x0800c877   Thumb Code    38  usmart.o(.text)
    usmart_get_runtime                       0x0800c89d   Thumb Code    60  usmart.o(.text)
    TIM4_IRQHandler                          0x0800c8d9   Thumb Code    46  usmart.o(.text)
    Timer4_Init                              0x0800c907   Thumb Code    86  usmart.o(.text)
    usmart_init                              0x0800c95d   Thumb Code    36  usmart.o(.text)
    usmart_cmd_rec                           0x0800c981   Thumb Code   170  usmart.o(.text)
    usmart_exe                               0x0800ca2b   Thumb Code   868  usmart.o(.text)
    usmart_scan                              0x0800cd8f   Thumb Code   120  usmart.o(.text)
    read_addr                                0x0800ce07   Thumb Code     6  usmart.o(.text)
    write_addr                               0x0800ce0d   Thumb Code     4  usmart.o(.text)
    usmart_strcmp                            0x0800ce99   Thumb Code    34  usmart_str.o(.text)
    usmart_strcopy                           0x0800cebb   Thumb Code    22  usmart_str.o(.text)
    usmart_strlen                            0x0800ced1   Thumb Code    24  usmart_str.o(.text)
    usmart_pow                               0x0800cee9   Thumb Code    22  usmart_str.o(.text)
    usmart_str2num                           0x0800ceff   Thumb Code   202  usmart_str.o(.text)
    usmart_get_cmdname                       0x0800cfc9   Thumb Code    54  usmart_str.o(.text)
    usmart_search_nextc                      0x0800cfff   Thumb Code    22  usmart_str.o(.text)
    usmart_get_fname                         0x0800d015   Thumb Code   440  usmart_str.o(.text)
    usmart_get_aparm                         0x0800d1cd   Thumb Code   200  usmart_str.o(.text)
    usmart_get_parmpos                       0x0800d295   Thumb Code    26  usmart_str.o(.text)
    usmart_get_fparam                        0x0800d2af   Thumb Code   262  usmart_str.o(.text)
    disk_initialize                          0x0800d3c1   Thumb Code    52  diskio.o(.text)
    disk_status                              0x0800d3f5   Thumb Code     6  diskio.o(.text)
    disk_read                                0x0800d3fb   Thumb Code    98  diskio.o(.text)
    disk_write                               0x0800d45d   Thumb Code    98  diskio.o(.text)
    disk_ioctl                               0x0800d4bf   Thumb Code   170  diskio.o(.text)
    get_fattime                              0x0800d569   Thumb Code     4  diskio.o(.text)
    ff_memalloc                              0x0800d56d   Thumb Code    14  diskio.o(.text)
    ff_memfree                               0x0800d57b   Thumb Code    14  diskio.o(.text)
    clust2sect                               0x0800d73f   Thumb Code    26  ff.o(.text)
    get_fat                                  0x0800d759   Thumb Code   232  ff.o(.text)
    put_fat                                  0x0800d841   Thumb Code   310  ff.o(.text)
    dir_sdi                                  0x0800daeb   Thumb Code   158  ff.o(.text)
    f_mount                                  0x0800eb53   Thumb Code    86  ff.o(.text)
    f_open                                   0x0800eba9   Thumb Code   384  ff.o(.text)
    f_read                                   0x0800ed29   Thumb Code   450  ff.o(.text)
    f_write                                  0x0800eeeb   Thumb Code   498  ff.o(.text)
    f_sync                                   0x0800f0dd   Thumb Code   176  ff.o(.text)
    f_close                                  0x0800f18d   Thumb Code    32  ff.o(.text)
    f_lseek                                  0x0800f1ad   Thumb Code   654  ff.o(.text)
    f_opendir                                0x0800f43b   Thumb Code   136  ff.o(.text)
    f_closedir                               0x0800f4c3   Thumb Code    22  ff.o(.text)
    f_readdir                                0x0800f4d9   Thumb Code   114  ff.o(.text)
    f_stat                                   0x0800f54b   Thumb Code    84  ff.o(.text)
    f_getfree                                0x0800f59f   Thumb Code   258  ff.o(.text)
    f_truncate                               0x0800f6a1   Thumb Code   184  ff.o(.text)
    f_unlink                                 0x0800f759   Thumb Code   194  ff.o(.text)
    f_mkdir                                  0x0800f81b   Thumb Code   380  ff.o(.text)
    f_chmod                                  0x0800f997   Thumb Code   112  ff.o(.text)
    f_utime                                  0x0800fa07   Thumb Code   110  ff.o(.text)
    f_rename                                 0x0800fa75   Thumb Code   314  ff.o(.text)
    f_getlabel                               0x0800fbaf   Thumb Code   190  ff.o(.text)
    f_setlabel                               0x0800fc6d   Thumb Code   470  ff.o(.text)
    f_mkfs                                   0x0800fe43   Thumb Code  1570  ff.o(.text)
    f_gets                                   0x08010465   Thumb Code    82  ff.o(.text)
    f_putc                                   0x080104fb   Thumb Code    64  ff.o(.text)
    f_puts                                   0x0801053b   Thumb Code    74  ff.o(.text)
    f_printf                                 0x08010585   Thumb Code   674  ff.o(.text)
    exfuns_init                              0x08010829   Thumb Code   110  exfuns.o(.text)
    char_upper                               0x08010897   Thumb Code    26  exfuns.o(.text)
    f_typetell                               0x080108b1   Thumb Code   188  exfuns.o(.text)
    exf_getfree                              0x0801096d   Thumb Code    74  exfuns.o(.text)
    ff_convert                               0x080109cd   Thumb Code   146  mycc936.o(.text)
    ff_wtoupper                              0x08010a5f   Thumb Code    46  mycc936.o(.text)
    fupd_prog                                0x08010a99   Thumb Code   148  fontupd.o(.text)
    updata_fontx                             0x08010b2d   Thumb Code   346  fontupd.o(.text)
    update_font                              0x08010c87   Thumb Code   884  fontupd.o(.text)
    font_init                                0x08010ffb   Thumb Code    64  fontupd.o(.text)
    Get_HzMat                                0x08011079   Thumb Code   220  text.o(.text)
    Show_Font                                0x08011155   Thumb Code   190  text.o(.text)
    Show_Str                                 0x08011213   Thumb Code   192  text.o(.text)
    Show_Str_Mid                             0x080112d3   Thumb Code   106  text.o(.text)
    sim_at_response                          0x0801134d   Thumb Code    46  sim900a.o(.text)
    sim900a_check_cmd                        0x0801137b   Thumb Code    44  sim900a.o(.text)
    sim900a_send_cmd                         0x080113a7   Thumb Code   110  sim900a.o(.text)
    sim900a_chr2hex                          0x08011415   Thumb Code    54  sim900a.o(.text)
    sim900a_hex2chr                          0x0801144b   Thumb Code    34  sim900a.o(.text)
    sim900a_unigbk_exchange                  0x0801146d   Thumb Code   236  sim900a.o(.text)
    sim900a_load_keyboard                    0x08011559   Thumb Code   292  sim900a.o(.text)
    sim900a_key_staset                       0x0801167d   Thumb Code   332  sim900a.o(.text)
    sim900a_get_keynum                       0x080117c9   Thumb Code   230  sim900a.o(.text)
    sim900a_call_test                        0x080118af   Thumb Code  1180  sim900a.o(.text)
    sim900a_sms_read_test                    0x08011d4b   Thumb Code  1262  sim900a.o(.text)
    sim900a_sms_send_test                    0x08012239   Thumb Code   650  sim900a.o(.text)
    sim900a_sms_ui                           0x080124c3   Thumb Code   152  sim900a.o(.text)
    sim900a_sms_test                         0x0801255b   Thumb Code   450  sim900a.o(.text)
    sim900a_tcpudp_test                      0x0801271d   Thumb Code  1520  sim900a.o(.text)
    sim900a_gprs_ui                          0x08012d0d   Thumb Code   152  sim900a.o(.text)
    sim900a_gprs_test                        0x08012da5   Thumb Code   518  sim900a.o(.text)
    sim900a_mtest_ui                         0x08012fab   Thumb Code   816  sim900a.o(.text)
    sim900a_gsminfo_show                     0x080132db   Thumb Code   424  sim900a.o(.text)
    sim900a_test                             0x08013483   Thumb Code   298  sim900a.o(.text)
    __use_no_semihosting                     0x080136ad   Thumb Code     2  use_no_semi_2.o(.text)
    __aeabi_ldivmod                          0x080136af   Thumb Code     0  llsdiv.o(.text)
    _ll_sdiv                                 0x080136af   Thumb Code    72  llsdiv.o(.text)
    __c89vsprintf                            0x080136f9   Thumb Code    32  c89vsprintf.o(.text)
    __2printf                                0x0801371d   Thumb Code    20  __2printf.o(.text)
    __2sprintf                               0x08013735   Thumb Code    38  __2sprintf.o(.text)
    _printf_pre_padding                      0x08013761   Thumb Code    44  _printf_pad.o(.text)
    _printf_post_padding                     0x0801378d   Thumb Code    34  _printf_pad.o(.text)
    _printf_str                              0x080137af   Thumb Code    82  _printf_str.o(.text)
    _printf_int_dec                          0x08013801   Thumb Code   100  _printf_dec.o(.text)
    _printf_longlong_hex                     0x08013875   Thumb Code    86  _printf_hex_int_ll_ptr.o(.text)
    _printf_int_hex                          0x080138cb   Thumb Code    28  _printf_hex_int_ll_ptr.o(.text)
    _printf_ll_hex                           0x080138e7   Thumb Code    12  _printf_hex_int_ll_ptr.o(.text)
    _printf_hex_ptr                          0x080138f3   Thumb Code    18  _printf_hex_int_ll_ptr.o(.text)
    __printf                                 0x08013909   Thumb Code   388  __printf_flags_ss_wp.o(.text)
    strstr                                   0x08013a91   Thumb Code    36  strstr.o(.text)
    strcpy                                   0x08013ab5   Thumb Code    72  strcpy.o(.text)
    strlen                                   0x08013afd   Thumb Code    62  strlen.o(.text)
    strcat                                   0x08013b3b   Thumb Code    24  strcat.o(.text)
    __aeabi_memcpy                           0x08013b53   Thumb Code     0  rt_memcpy_v6.o(.text)
    __rt_memcpy                              0x08013b53   Thumb Code   138  rt_memcpy_v6.o(.text)
    _memcpy_lastbytes                        0x08013bb9   Thumb Code     0  rt_memcpy_v6.o(.text)
    strcmp                                   0x08013bdd   Thumb Code   128  strcmpv7m.o(.text)
    __use_two_region_memory                  0x08013c5d   Thumb Code     2  heapauxi.o(.text)
    __rt_heap_escrow$2region                 0x08013c5f   Thumb Code     2  heapauxi.o(.text)
    __rt_heap_expand$2region                 0x08013c61   Thumb Code     2  heapauxi.o(.text)
    __I$use$semihosting                      0x08013c63   Thumb Code     0  use_no_semi.o(.text)
    __use_no_semihosting_swi                 0x08013c63   Thumb Code     2  use_no_semi.o(.text)
    __aeabi_uldivmod                         0x08013c65   Thumb Code     0  lludivv7m.o(.text)
    _ll_udiv                                 0x08013c65   Thumb Code   238  lludivv7m.o(.text)
    __read_errno                             0x08013d53   Thumb Code    10  _rserrno.o(.text)
    __set_errno                              0x08013d5d   Thumb Code    12  _rserrno.o(.text)
    _printf_truncate_signed                  0x08013d69   Thumb Code    18  _printf_truncate.o(.text)
    _printf_truncate_unsigned                0x08013d7b   Thumb Code    18  _printf_truncate.o(.text)
    _printf_int_common                       0x08013d8d   Thumb Code   178  _printf_intcommon.o(.text)
    _printf_charcount                        0x08013e3f   Thumb Code    40  _printf_charcount.o(.text)
    _printf_char_common                      0x08013e73   Thumb Code    32  _printf_char_common.o(.text)
    _sputc                                   0x08013e99   Thumb Code    10  _sputc.o(.text)
    _printf_cs_common                        0x08013ea3   Thumb Code    20  _printf_char.o(.text)
    _printf_char                             0x08013eb7   Thumb Code    16  _printf_char.o(.text)
    _printf_string                           0x08013ec7   Thumb Code     8  _printf_char.o(.text)
    _printf_char_file                        0x08013ed1   Thumb Code    32  _printf_char_file.o(.text)
    _printf_wctomb                           0x08013ef5   Thumb Code   182  _printf_wctomb.o(.text)
    _printf_longlong_dec                     0x08013fb1   Thumb Code   104  _printf_longlong_dec.o(.text)
    _printf_longlong_oct                     0x08014029   Thumb Code    68  _printf_oct_int_ll.o(.text)
    _printf_int_oct                          0x0801406d   Thumb Code    24  _printf_oct_int_ll.o(.text)
    _printf_ll_oct                           0x08014085   Thumb Code    12  _printf_oct_int_ll.o(.text)
    __aeabi_memcpy4                          0x08014099   Thumb Code     0  rt_memcpy_w.o(.text)
    __aeabi_memcpy8                          0x08014099   Thumb Code     0  rt_memcpy_w.o(.text)
    __rt_memcpy_w                            0x08014099   Thumb Code   100  rt_memcpy_w.o(.text)
    _memcpy_lastbytes_aligned                0x080140e1   Thumb Code     0  rt_memcpy_w.o(.text)
    __aeabi_errno_addr                       0x080140fd   Thumb Code     8  rt_errno_addr_intlibspace.o(.text)
    __errno$intlibspace                      0x080140fd   Thumb Code     0  rt_errno_addr_intlibspace.o(.text)
    __rt_errno_addr$intlibspace              0x080140fd   Thumb Code     0  rt_errno_addr_intlibspace.o(.text)
    _ll_udiv10                               0x08014105   Thumb Code   138  lludiv10.o(.text)
    __lib_sel_fp_printf                      0x0801418f   Thumb Code     2  _printf_fp_dec.o(.text)
    _printf_fp_dec_real                      0x0801433d   Thumb Code   616  _printf_fp_dec.o(.text)
    _printf_lcs_common                       0x080145a5   Thumb Code    20  _printf_wchar.o(.text)
    _printf_wchar                            0x080145b9   Thumb Code    16  _printf_wchar.o(.text)
    _printf_wstring                          0x080145c9   Thumb Code     8  _printf_wchar.o(.text)
    ferror                                   0x080145d1   Thumb Code     8  ferror.o(.text)
    _wcrtomb                                 0x080145d9   Thumb Code    64  _wcrtomb.o(.text)
    __user_libspace                          0x08014619   Thumb Code     8  libspace.o(.text)
    __user_perproc_libspace                  0x08014619   Thumb Code     0  libspace.o(.text)
    __user_perthread_libspace                0x08014619   Thumb Code     0  libspace.o(.text)
    __user_setup_stackheap                   0x08014621   Thumb Code    74  sys_stackheap_outer.o(.text)
    __rt_ctype_table                         0x0801466d   Thumb Code    16  rt_ctype_table.o(.text)
    __rt_locale                              0x0801467d   Thumb Code     8  rt_locale_intlibspace.o(.text)
    _printf_fp_infnan                        0x08014685   Thumb Code   112  _printf_fp_infnan.o(.text)
    _btod_etento                             0x08014705   Thumb Code   212  bigflt0.o(.text)
    exit                                     0x080147dd   Thumb Code    12  exit.o(.text)
    _btod_d2e                                0x080147e9   Thumb Code    62  btod.o(CL$$btod_d2e)
    _d2e_denorm_low                          0x08014827   Thumb Code    70  btod.o(CL$$btod_d2e_denorm_low)
    _d2e_norm_op1                            0x0801486d   Thumb Code    96  btod.o(CL$$btod_d2e_norm_op1)
    __btod_div_common                        0x080148cd   Thumb Code   696  btod.o(CL$$btod_div_common)
    _e2e                                     0x08014c05   Thumb Code   198  btod.o(CL$$btod_e2e)
    _btod_ediv                               0x08014ccb   Thumb Code    40  btod.o(CL$$btod_ediv)
    _btod_emul                               0x08014cf3   Thumb Code    40  btod.o(CL$$btod_emul)
    __btod_mult_common                       0x08014d1b   Thumb Code   580  btod.o(CL$$btod_mult_common)
    __ARM_fpclassify                         0x08014f5f   Thumb Code    48  fpclassify.o(i.__ARM_fpclassify)
    __hardfp_sqrt                            0x08014f8f   Thumb Code   122  sqrt.o(i.__hardfp_sqrt)
    _is_digit                                0x08015009   Thumb Code    14  __printf_wp.o(i._is_digit)
    _get_lc_numeric                          0x08015019   Thumb Code    44  lc_numeric_c.o(locale$$code)
    _get_lc_ctype                            0x08015045   Thumb Code    44  lc_ctype_c.o(locale$$code)
    __aeabi_dadd                             0x08015071   Thumb Code     0  daddsub_clz.o(x$fpl$dadd)
    _dadd                                    0x08015071   Thumb Code   332  daddsub_clz.o(x$fpl$dadd)
    __fpl_dcmp_Inf                           0x080151c1   Thumb Code    24  dcmpi.o(x$fpl$dcmpinf)
    __aeabi_d2uiz                            0x080151d9   Thumb Code     0  dfixu.o(x$fpl$dfixu)
    _dfixu                                   0x080151d9   Thumb Code    90  dfixu.o(x$fpl$dfixu)
    __aeabi_i2d                              0x08015233   Thumb Code     0  dflt_clz.o(x$fpl$dflt)
    _dflt                                    0x08015233   Thumb Code    46  dflt_clz.o(x$fpl$dflt)
    __aeabi_ui2d                             0x08015261   Thumb Code     0  dflt_clz.o(x$fpl$dfltu)
    _dfltu                                   0x08015261   Thumb Code    38  dflt_clz.o(x$fpl$dfltu)
    __aeabi_cdcmple                          0x08015289   Thumb Code     0  dleqf.o(x$fpl$dleqf)
    _dcmple                                  0x08015289   Thumb Code   120  dleqf.o(x$fpl$dleqf)
    __fpl_dcmple_InfNaN                      0x080152eb   Thumb Code     0  dleqf.o(x$fpl$dleqf)
    __aeabi_dmul                             0x08015301   Thumb Code     0  dmul.o(x$fpl$dmul)
    _dmul                                    0x08015301   Thumb Code   332  dmul.o(x$fpl$dmul)
    __fpl_dnaninf                            0x08015455   Thumb Code   156  dnaninf.o(x$fpl$dnaninf)
    __fpl_dretinf                            0x080154f1   Thumb Code    12  dretinf.o(x$fpl$dretinf)
    __aeabi_cdrcmple                         0x080154fd   Thumb Code     0  drleqf.o(x$fpl$drleqf)
    _drcmple                                 0x080154fd   Thumb Code   108  drleqf.o(x$fpl$drleqf)
    __aeabi_drsub                            0x08015569   Thumb Code     0  daddsub_clz.o(x$fpl$drsb)
    _drsb                                    0x08015569   Thumb Code    22  daddsub_clz.o(x$fpl$drsb)
    _dsqrt                                   0x08015581   Thumb Code   404  dsqrt_umaal.o(x$fpl$dsqrt)
    __aeabi_dsub                             0x08015719   Thumb Code     0  daddsub_clz.o(x$fpl$dsub)
    _dsub                                    0x08015719   Thumb Code   464  daddsub_clz.o(x$fpl$dsub)
    __aeabi_f2d                              0x080158ed   Thumb Code     0  f2d.o(x$fpl$f2d)
    _f2d                                     0x080158ed   Thumb Code    86  f2d.o(x$fpl$f2d)
    __fpl_fnaninf                            0x08015943   Thumb Code   140  fnaninf.o(x$fpl$fnaninf)
    _fp_init                                 0x080159cf   Thumb Code    10  fpinit.o(x$fpl$fpinit)
    __fplib_config_fpu_vfp                   0x080159d7   Thumb Code     0  fpinit.o(x$fpl$fpinit)
    __fplib_config_pureend_doubles           0x080159d7   Thumb Code     0  fpinit.o(x$fpl$fpinit)
    _printf_fp_dec                           0x080159d9   Thumb Code     4  printf1.o(x$fpl$printf1)
    __I$use$fp                               0x080159dc   Number         0  usenofp.o(x$fpl$usenofp)
    asc2_1206                                0x080159dc   Data        1140  lcd.o(.constdata)
    asc2_1608                                0x08015e50   Data        1520  lcd.o(.constdata)
    asc2_2412                                0x08016440   Data        3420  lcd.o(.constdata)
    GT9147_CFG_TBL                           0x0801719c   Data         184  gt9147.o(.constdata)
    GT9147_TPX_TBL                           0x08017254   Data          10  gt9147.o(.constdata)
    OTT_TPX_TBL                              0x0801725e   Data          10  ott2001a.o(.constdata)
    TP_REMIND_MSG_TBL                        0x08017268   Data           4  touch.o(.constdata)
    FSMC_DefaultTimingStruct                 0x0801726c   Data          28  stm32f4xx_fsmc.o(.constdata)
    memtblsize                               0x08017288   Data          12  malloc.o(.constdata)
    memblksize                               0x08017294   Data          12  malloc.o(.constdata)
    memsize                                  0x080172a0   Data          12  malloc.o(.constdata)
    GBK24_PATH                               0x080176a8   Data           4  fontupd.o(.constdata)
    GBK16_PATH                               0x080176ac   Data           4  fontupd.o(.constdata)
    GBK12_PATH                               0x080176b0   Data           4  fontupd.o(.constdata)
    UNIGBK_PATH                              0x080176b4   Data           4  fontupd.o(.constdata)
    Region$$Table$$Base                      0x08017a3c   Number         0  anon$$obj.o(Region$$Table)
    Region$$Table$$Limit                     0x08017a5c   Number         0  anon$$obj.o(Region$$Table)
    __ctype                                  0x08017a85   Data           0  lc_ctype_c.o(locale$$data)
    mem3base                                 0x10000000   Data       61440  malloc.o(.ARM.__AT_0x10000000)
    mem3mapbase                              0x1000f000   Data        3840  malloc.o(.ARM.__AT_0x1000F000)
    SystemCoreClock                          0x20000000   Data           4  system_stm32f4xx.o(.data)
    AHBPrescTable                            0x20000004   Data          16  system_stm32f4xx.o(.data)
    POINT_COLOR                              0x20000014   Data           2  lcd.o(.data)
    BACK_COLOR                               0x20000016   Data           2  lcd.o(.data)
    W25QXX_TYPE                              0x2000001a   Data           2  w25qxx.o(.data)
    TransferError                            0x20000026   Data           1  sdio_sdcard.o(.data)
    TransferEnd                              0x20000027   Data           1  sdio_sdcard.o(.data)
    tempbuff                                 0x20000028   Data           4  sdio_sdcard.o(.data)
    USART3_RX_STA                            0x2000002c   Data           2  usart3.o(.data)
    tp_dev                                   0x20000030   Data          52  touch.o(.data)
    CMD_RDX                                  0x20000064   Data           1  touch.o(.data)
    CMD_RDY                                  0x20000065   Data           1  touch.o(.data)
    __stdout                                 0x2000006c   Data           4  usart.o(.data)
    USART_RX_STA                             0x20000070   Data           2  usart.o(.data)
    mallco_dev                               0x20000084   Data          36  malloc.o(.data)
    sys_cmd_tab                              0x200000a8   Data          28  usmart.o(.data)
    usmart_nametab                           0x200000c4   Data          24  usmart_config.o(.data)
    usmart_dev                               0x200000dc   Data         244  usmart_config.o(.data)
    FLASH_SECTOR_COUNT                       0x200001d0   Data           2  diskio.o(.data)
    FILE_TYPE_TBL                            0x200001e0   Data         312  exfuns.o(.data)
    fs                                       0x20000318   Data           8  exfuns.o(.data)
    file                                     0x20000320   Data           4  exfuns.o(.data)
    ftemp                                    0x20000324   Data           4  exfuns.o(.data)
    br                                       0x20000328   Data           4  exfuns.o(.data)
    bw                                       0x2000032c   Data           4  exfuns.o(.data)
    fatbuf                                   0x20000330   Data           4  exfuns.o(.data)
    kbd_tbl1                                 0x20000334   Data          52  sim900a.o(.data)
    kbd_tbl2                                 0x20000368   Data          52  sim900a.o(.data)
    kbd_tbl                                  0x2000039c   Data           4  sim900a.o(.data)
    kbd_fn_tbl                               0x200003a0   Data           8  sim900a.o(.data)
    sim900a_test_msg                         0x200003a8   Data           4  sim900a.o(.data)
    modetbl                                  0x200003ac   Data           8  sim900a.o(.data)
    lcddev                                   0x200003b8   Data          14  lcd.o(.bss)
    W25QXX_BUFFER                            0x200003c6   Data        4096  w25qxx.o(.bss)
    SDIO_InitStructure                       0x200013c8   Data          24  sdio_sdcard.o(.bss)
    SDIO_CmdInitStructure                    0x200013e0   Data          20  sdio_sdcard.o(.bss)
    SDIO_DataInitStructure                   0x200013f4   Data          24  sdio_sdcard.o(.bss)
    SDCardInfo                               0x20001430   Data          88  sdio_sdcard.o(.bss)
    SDIO_DATA_BUFFER                         0x20001488   Data         512  sdio_sdcard.o(.bss)
    USART3_TX_BUF                            0x20001688   Data         400  usart3.o(.bss)
    USART3_RX_BUF                            0x20001818   Data         400  usart3.o(.bss)
    USART_RX_BUF                             0x200019a8   Data         200  usart.o(.bss)
    mem1base                                 0x20001a80   Data       102400  malloc.o(.bss)
    mem1mapbase                              0x2001aa80   Data        6400  malloc.o(.bss)
    ftinfo                                   0x2001c380   Data          33  fontupd.o(.bss)
    __libspace_start                         0x2001c3a4   Data          96  libspace.o(.bss)
    __temporary_stack_top$libspace           0x2001c404   Data           0  libspace.o(.bss)
    mem2base                                 0x68000000   Data       983040  malloc.o(.ARM.__AT_0x68000000)
    mem2mapbase                              0x680f0000   Data       61440  malloc.o(.ARM.__AT_0x680F0000)



==============================================================================

Memory Map of the image

  Image Entry point : 0x08000189

  Load Region LR_IROM1 (Base: 0x08000000, Size: 0x00017f40, Max: 0x00100000, ABSOLUTE, COMPRESSED[0x00017c9c])

    Execution Region ER_IROM1 (Base: 0x08000000, Size: 0x00017b88, Max: 0x00100000, ABSOLUTE)

    Base Addr    Size         Type   Attr      Idx    E Section Name        Object

    0x08000000   0x00000188   Data   RO          735    RESET               startup_stm32f40_41xxx.o
    0x08000188   0x00000008   Code   RO         1454  * !!!main             c_w.l(__main.o)
    0x08000190   0x00000034   Code   RO         1779    !!!scatter          c_w.l(__scatter.o)
    0x080001c4   0x0000005a   Code   RO         1777    !!dczerorl2         c_w.l(__dczerorl2.o)
    0x0800021e   0x00000002   PAD
    0x08000220   0x0000001c   Code   RO         1781    !!handler_zi        c_w.l(__scatter_zi.o)
    0x0800023c   0x00000000   Code   RO         1439    .ARM.Collect$$_printf_percent$$00000000  c_w.l(_printf_percent.o)
    0x0800023c   0x00000006   Code   RO         1524    .ARM.Collect$$_printf_percent$$00000001  c_w.l(_printf_n.o)
    0x08000242   0x00000006   Code   RO         1525    .ARM.Collect$$_printf_percent$$00000002  c_w.l(_printf_p.o)
    0x08000248   0x00000006   Code   RO         1528    .ARM.Collect$$_printf_percent$$00000003  c_w.l(_printf_f.o)
    0x0800024e   0x00000006   Code   RO         1529    .ARM.Collect$$_printf_percent$$00000004  c_w.l(_printf_e.o)
    0x08000254   0x00000006   Code   RO         1530    .ARM.Collect$$_printf_percent$$00000005  c_w.l(_printf_g.o)
    0x0800025a   0x00000006   Code   RO         1531    .ARM.Collect$$_printf_percent$$00000006  c_w.l(_printf_a.o)
    0x08000260   0x0000000a   Code   RO         1536    .ARM.Collect$$_printf_percent$$00000007  c_w.l(_printf_ll.o)
    0x0800026a   0x00000006   Code   RO         1527    .ARM.Collect$$_printf_percent$$00000008  c_w.l(_printf_i.o)
    0x08000270   0x00000006   Code   RO         1437    .ARM.Collect$$_printf_percent$$00000009  c_w.l(_printf_d.o)
    0x08000276   0x00000006   Code   RO         1438    .ARM.Collect$$_printf_percent$$0000000A  c_w.l(_printf_u.o)
    0x0800027c   0x00000006   Code   RO         1526    .ARM.Collect$$_printf_percent$$0000000B  c_w.l(_printf_o.o)
    0x08000282   0x00000006   Code   RO         1436    .ARM.Collect$$_printf_percent$$0000000C  c_w.l(_printf_x.o)
    0x08000288   0x00000006   Code   RO         1533    .ARM.Collect$$_printf_percent$$0000000D  c_w.l(_printf_lli.o)
    0x0800028e   0x00000006   Code   RO         1534    .ARM.Collect$$_printf_percent$$0000000E  c_w.l(_printf_lld.o)
    0x08000294   0x00000006   Code   RO         1535    .ARM.Collect$$_printf_percent$$0000000F  c_w.l(_printf_llu.o)
    0x0800029a   0x00000006   Code   RO         1540    .ARM.Collect$$_printf_percent$$00000010  c_w.l(_printf_llo.o)
    0x080002a0   0x00000006   Code   RO         1541    .ARM.Collect$$_printf_percent$$00000011  c_w.l(_printf_llx.o)
    0x080002a6   0x0000000a   Code   RO         1537    .ARM.Collect$$_printf_percent$$00000012  c_w.l(_printf_l.o)
    0x080002b0   0x00000006   Code   RO         1434    .ARM.Collect$$_printf_percent$$00000013  c_w.l(_printf_c.o)
    0x080002b6   0x00000006   Code   RO         1435    .ARM.Collect$$_printf_percent$$00000014  c_w.l(_printf_s.o)
    0x080002bc   0x00000006   Code   RO         1538    .ARM.Collect$$_printf_percent$$00000015  c_w.l(_printf_lc.o)
    0x080002c2   0x00000006   Code   RO         1539    .ARM.Collect$$_printf_percent$$00000016  c_w.l(_printf_ls.o)
    0x080002c8   0x00000004   Code   RO         1532    .ARM.Collect$$_printf_percent$$00000017  c_w.l(_printf_percent_end.o)
    0x080002cc   0x00000002   Code   RO         1646    .ARM.Collect$$libinit$$00000000  c_w.l(libinit.o)
    0x080002ce   0x00000004   Code   RO         1660    .ARM.Collect$$libinit$$00000001  c_w.l(libinit2.o)
    0x080002d2   0x00000000   Code   RO         1664    .ARM.Collect$$libinit$$00000008  c_w.l(libinit2.o)
    0x080002d2   0x00000000   Code   RO         1666    .ARM.Collect$$libinit$$0000000A  c_w.l(libinit2.o)
    0x080002d2   0x00000000   Code   RO         1668    .ARM.Collect$$libinit$$0000000C  c_w.l(libinit2.o)
    0x080002d2   0x00000006   Code   RO         1669    .ARM.Collect$$libinit$$0000000D  c_w.l(libinit2.o)
    0x080002d8   0x00000000   Code   RO         1671    .ARM.Collect$$libinit$$0000000F  c_w.l(libinit2.o)
    0x080002d8   0x0000000c   Code   RO         1672    .ARM.Collect$$libinit$$00000010  c_w.l(libinit2.o)
    0x080002e4   0x00000000   Code   RO         1673    .ARM.Collect$$libinit$$00000011  c_w.l(libinit2.o)
    0x080002e4   0x00000000   Code   RO         1675    .ARM.Collect$$libinit$$00000013  c_w.l(libinit2.o)
    0x080002e4   0x0000000a   Code   RO         1676    .ARM.Collect$$libinit$$00000014  c_w.l(libinit2.o)
    0x080002ee   0x00000000   Code   RO         1677    .ARM.Collect$$libinit$$00000015  c_w.l(libinit2.o)
    0x080002ee   0x00000000   Code   RO         1679    .ARM.Collect$$libinit$$00000017  c_w.l(libinit2.o)
    0x080002ee   0x00000000   Code   RO         1681    .ARM.Collect$$libinit$$00000019  c_w.l(libinit2.o)
    0x080002ee   0x00000000   Code   RO         1683    .ARM.Collect$$libinit$$0000001B  c_w.l(libinit2.o)
    0x080002ee   0x00000000   Code   RO         1685    .ARM.Collect$$libinit$$0000001D  c_w.l(libinit2.o)
    0x080002ee   0x00000000   Code   RO         1687    .ARM.Collect$$libinit$$0000001F  c_w.l(libinit2.o)
    0x080002ee   0x00000000   Code   RO         1689    .ARM.Collect$$libinit$$00000021  c_w.l(libinit2.o)
    0x080002ee   0x00000000   Code   RO         1691    .ARM.Collect$$libinit$$00000023  c_w.l(libinit2.o)
    0x080002ee   0x00000000   Code   RO         1695    .ARM.Collect$$libinit$$0000002A  c_w.l(libinit2.o)
    0x080002ee   0x00000000   Code   RO         1697    .ARM.Collect$$libinit$$0000002C  c_w.l(libinit2.o)
    0x080002ee   0x00000000   Code   RO         1699    .ARM.Collect$$libinit$$0000002E  c_w.l(libinit2.o)
    0x080002ee   0x00000000   Code   RO         1701    .ARM.Collect$$libinit$$00000030  c_w.l(libinit2.o)
    0x080002ee   0x00000002   Code   RO         1702    .ARM.Collect$$libinit$$00000031  c_w.l(libinit2.o)
    0x080002f0   0x00000002   Code   RO         1730    .ARM.Collect$$libshutdown$$00000000  c_w.l(libshutdown.o)
    0x080002f2   0x00000000   Code   RO         1745    .ARM.Collect$$libshutdown$$00000003  c_w.l(libshutdown2.o)
    0x080002f2   0x00000000   Code   RO         1748    .ARM.Collect$$libshutdown$$00000006  c_w.l(libshutdown2.o)
    0x080002f2   0x00000000   Code   RO         1751    .ARM.Collect$$libshutdown$$00000009  c_w.l(libshutdown2.o)
    0x080002f2   0x00000000   Code   RO         1753    .ARM.Collect$$libshutdown$$0000000B  c_w.l(libshutdown2.o)
    0x080002f2   0x00000000   Code   RO         1756    .ARM.Collect$$libshutdown$$0000000E  c_w.l(libshutdown2.o)
    0x080002f2   0x00000002   Code   RO         1757    .ARM.Collect$$libshutdown$$0000000F  c_w.l(libshutdown2.o)
    0x080002f4   0x00000000   Code   RO         1494    .ARM.Collect$$rtentry$$00000000  c_w.l(rtentry.o)
    0x080002f4   0x00000000   Code   RO         1558    .ARM.Collect$$rtentry$$00000002  c_w.l(rtentry2.o)
    0x080002f4   0x00000006   Code   RO         1570    .ARM.Collect$$rtentry$$00000004  c_w.l(rtentry4.o)
    0x080002fa   0x00000000   Code   RO         1560    .ARM.Collect$$rtentry$$00000009  c_w.l(rtentry2.o)
    0x080002fa   0x00000004   Code   RO         1561    .ARM.Collect$$rtentry$$0000000A  c_w.l(rtentry2.o)
    0x080002fe   0x00000000   Code   RO         1563    .ARM.Collect$$rtentry$$0000000C  c_w.l(rtentry2.o)
    0x080002fe   0x00000008   Code   RO         1564    .ARM.Collect$$rtentry$$0000000D  c_w.l(rtentry2.o)
    0x08000306   0x00000002   Code   RO         1651    .ARM.Collect$$rtexit$$00000000  c_w.l(rtexit.o)
    0x08000308   0x00000000   Code   RO         1704    .ARM.Collect$$rtexit$$00000002  c_w.l(rtexit2.o)
    0x08000308   0x00000004   Code   RO         1705    .ARM.Collect$$rtexit$$00000003  c_w.l(rtexit2.o)
    0x0800030c   0x00000006   Code   RO         1706    .ARM.Collect$$rtexit$$00000004  c_w.l(rtexit2.o)
    0x08000312   0x00000002   PAD
    0x08000314   0x00000010   Code   RO          686    .emb_text           sys.o
    0x08000324   0x00000218   Code   RO            3    .text               main.o
    0x0800053c   0x0000001a   Code   RO          216    .text               stm32f4xx_it.o
    0x08000556   0x00000002   PAD
    0x08000558   0x00000210   Code   RO          265    .text               system_stm32f4xx.o
    0x08000768   0x00000040   Code   RO          291    .text               led.o
    0x080007a8   0x0000484c   Code   RO          311    .text               lcd.o
    0x08004ff4   0x00000104   Code   RO          349    .text               key.o
    0x080050f8   0x00000118   Code   RO          370    .text               spi.o
    0x08005210   0x00000388   Code   RO          393    .text               w25qxx.o
    0x08005598   0x00001d2c   Code   RO          420    .text               sdio_sdcard.o
    0x080072c4   0x0000017a   Code   RO          454    .text               24cxx.o
    0x0800743e   0x00000002   PAD
    0x08007440   0x0000025c   Code   RO          480    .text               myiic.o
    0x0800769c   0x00000080   Code   RO          500    .text               timer.o
    0x0800771c   0x00000188   Code   RO          524    .text               usart3.o
    0x080078a4   0x00000254   Code   RO          561    .text               ctiic.o
    0x08007af8   0x000003ec   Code   RO          584    .text               gt9147.o
    0x08007ee4   0x00000388   Code   RO          608    .text               ott2001a.o
    0x0800826c   0x000010a0   Code   RO          632    .text               touch.o
    0x0800930c   0x00000104   Code   RO          664    .text               delay.o
    0x08009410   0x00000154   Code   RO          704    .text               usart.o
    0x08009564   0x00000040   Code   RO          736    .text               startup_stm32f40_41xxx.o
    0x080095a4   0x000000e0   Code   RO          742    .text               misc.o
    0x08009684   0x000003a8   Code   RO          762    .text               stm32f4xx_dma.o
    0x08009a2c   0x000005c8   Code   RO          782    .text               stm32f4xx_fsmc.o
    0x08009ff4   0x00000294   Code   RO          805    .text               stm32f4xx_gpio.o
    0x0800a288   0x0000065c   Code   RO          825    .text               stm32f4xx_rcc.o
    0x0800a8e4   0x000001dc   Code   RO          847    .text               stm32f4xx_sdio.o
    0x0800aac0   0x00000454   Code   RO          887    .text               stm32f4xx_usart.o
    0x0800af14   0x00000480   Code   RO          907    .text               stm32f4xx_spi.o
    0x0800b394   0x00000ca2   Code   RO          927    .text               stm32f4xx_tim.o
    0x0800c036   0x00000002   PAD
    0x0800c038   0x0000022c   Code   RO          947    .text               malloc.o
    0x0800c264   0x00000c34   Code   RO          979    .text               usmart.o
    0x0800ce98   0x00000528   Code   RO         1024    .text               usmart_str.o
    0x0800d3c0   0x000001d0   Code   RO         1044    .text               diskio.o
    0x0800d590   0x00003296   Code   RO         1068    .text               ff.o
    0x08010826   0x00000002   PAD
    0x08010828   0x000001a4   Code   RO         1088    .text               exfuns.o
    0x080109cc   0x000000cc   Code   RO         1143    .text               mycc936.o
    0x08010a98   0x000005e0   Code   RO         1164    .text               fontupd.o
    0x08011078   0x000002d4   Code   RO         1196    .text               text.o
    0x0801134c   0x00002360   Code   RO         1346    .text               sim900a.o
    0x080136ac   0x00000002   Code   RO         1371    .text               c_w.l(use_no_semi_2.o)
    0x080136ae   0x00000048   Code   RO         1373    .text               c_w.l(llsdiv.o)
    0x080136f6   0x00000002   PAD
    0x080136f8   0x00000024   Code   RO         1375    .text               c_w.l(c89vsprintf.o)
    0x0801371c   0x00000018   Code   RO         1377    .text               c_w.l(__2printf.o)
    0x08013734   0x0000002c   Code   RO         1379    .text               c_w.l(__2sprintf.o)
    0x08013760   0x0000004e   Code   RO         1387    .text               c_w.l(_printf_pad.o)
    0x080137ae   0x00000052   Code   RO         1389    .text               c_w.l(_printf_str.o)
    0x08013800   0x00000074   Code   RO         1391    .text               c_w.l(_printf_dec.o)
    0x08013874   0x00000094   Code   RO         1411    .text               c_w.l(_printf_hex_int_ll_ptr.o)
    0x08013908   0x00000188   Code   RO         1431    .text               c_w.l(__printf_flags_ss_wp.o)
    0x08013a90   0x00000024   Code   RO         1440    .text               c_w.l(strstr.o)
    0x08013ab4   0x00000048   Code   RO         1442    .text               c_w.l(strcpy.o)
    0x08013afc   0x0000003e   Code   RO         1444    .text               c_w.l(strlen.o)
    0x08013b3a   0x00000018   Code   RO         1446    .text               c_w.l(strcat.o)
    0x08013b52   0x0000008a   Code   RO         1448    .text               c_w.l(rt_memcpy_v6.o)
    0x08013bdc   0x00000080   Code   RO         1450    .text               c_w.l(strcmpv7m.o)
    0x08013c5c   0x00000006   Code   RO         1452    .text               c_w.l(heapauxi.o)
    0x08013c62   0x00000002   Code   RO         1492    .text               c_w.l(use_no_semi.o)
    0x08013c64   0x000000ee   Code   RO         1495    .text               c_w.l(lludivv7m.o)
    0x08013d52   0x00000016   Code   RO         1497    .text               c_w.l(_rserrno.o)
    0x08013d68   0x00000024   Code   RO         1499    .text               c_w.l(_printf_truncate.o)
    0x08013d8c   0x000000b2   Code   RO         1501    .text               c_w.l(_printf_intcommon.o)
    0x08013e3e   0x00000028   Code   RO         1503    .text               c_w.l(_printf_charcount.o)
    0x08013e66   0x00000002   PAD
    0x08013e68   0x00000030   Code   RO         1505    .text               c_w.l(_printf_char_common.o)
    0x08013e98   0x0000000a   Code   RO         1507    .text               c_w.l(_sputc.o)
    0x08013ea2   0x0000002c   Code   RO         1509    .text               c_w.l(_printf_char.o)
    0x08013ece   0x00000002   PAD
    0x08013ed0   0x00000024   Code   RO         1511    .text               c_w.l(_printf_char_file.o)
    0x08013ef4   0x000000bc   Code   RO         1513    .text               c_w.l(_printf_wctomb.o)
    0x08013fb0   0x00000078   Code   RO         1516    .text               c_w.l(_printf_longlong_dec.o)
    0x08014028   0x00000070   Code   RO         1522    .text               c_w.l(_printf_oct_int_ll.o)
    0x08014098   0x00000064   Code   RO         1542    .text               c_w.l(rt_memcpy_w.o)
    0x080140fc   0x00000008   Code   RO         1579    .text               c_w.l(rt_errno_addr_intlibspace.o)
    0x08014104   0x0000008a   Code   RO         1581    .text               c_w.l(lludiv10.o)
    0x0801418e   0x00000416   Code   RO         1583    .text               c_w.l(_printf_fp_dec.o)
    0x080145a4   0x0000002c   Code   RO         1587    .text               c_w.l(_printf_wchar.o)
    0x080145d0   0x00000008   Code   RO         1589    .text               c_w.l(ferror.o)
    0x080145d8   0x00000040   Code   RO         1593    .text               c_w.l(_wcrtomb.o)
    0x08014618   0x00000008   Code   RO         1595    .text               c_w.l(libspace.o)
    0x08014620   0x0000004a   Code   RO         1598    .text               c_w.l(sys_stackheap_outer.o)
    0x0801466a   0x00000002   PAD
    0x0801466c   0x00000010   Code   RO         1600    .text               c_w.l(rt_ctype_table.o)
    0x0801467c   0x00000008   Code   RO         1607    .text               c_w.l(rt_locale_intlibspace.o)
    0x08014684   0x00000080   Code   RO         1609    .text               c_w.l(_printf_fp_infnan.o)
    0x08014704   0x000000d8   Code   RO         1611    .text               c_w.l(bigflt0.o)
    0x080147dc   0x0000000c   Code   RO         1639    .text               c_w.l(exit.o)
    0x080147e8   0x0000003e   Code   RO         1614    CL$$btod_d2e        c_w.l(btod.o)
    0x08014826   0x00000046   Code   RO         1616    CL$$btod_d2e_denorm_low  c_w.l(btod.o)
    0x0801486c   0x00000060   Code   RO         1615    CL$$btod_d2e_norm_op1  c_w.l(btod.o)
    0x080148cc   0x00000338   Code   RO         1624    CL$$btod_div_common  c_w.l(btod.o)
    0x08014c04   0x000000c6   Code   RO         1621    CL$$btod_e2e        c_w.l(btod.o)
    0x08014cca   0x00000028   Code   RO         1618    CL$$btod_ediv       c_w.l(btod.o)
    0x08014cf2   0x00000028   Code   RO         1617    CL$$btod_emul       c_w.l(btod.o)
    0x08014d1a   0x00000244   Code   RO         1623    CL$$btod_mult_common  c_w.l(btod.o)
    0x08014f5e   0x00000030   Code   RO         1649    i.__ARM_fpclassify  m_wm.l(fpclassify.o)
    0x08014f8e   0x0000007a   Code   RO         1480    i.__hardfp_sqrt     m_wm.l(sqrt.o)
    0x08015008   0x0000000e   Code   RO         1424    i._is_digit         c_w.l(__printf_wp.o)
    0x08015016   0x00000002   PAD
    0x08015018   0x0000002c   Code   RO         1637    locale$$code        c_w.l(lc_numeric_c.o)
    0x08015044   0x0000002c   Code   RO         1654    locale$$code        c_w.l(lc_ctype_c.o)
    0x08015070   0x00000150   Code   RO         1456    x$fpl$dadd          fz_wm.l(daddsub_clz.o)
    0x080151c0   0x00000018   Code   RO         1544    x$fpl$dcmpinf       fz_wm.l(dcmpi.o)
    0x080151d8   0x0000005a   Code   RO         1462    x$fpl$dfixu         fz_wm.l(dfixu.o)
    0x08015232   0x0000002e   Code   RO         1467    x$fpl$dflt          fz_wm.l(dflt_clz.o)
    0x08015260   0x00000026   Code   RO         1466    x$fpl$dfltu         fz_wm.l(dflt_clz.o)
    0x08015286   0x00000002   PAD
    0x08015288   0x00000078   Code   RO         1472    x$fpl$dleqf         fz_wm.l(dleqf.o)
    0x08015300   0x00000154   Code   RO         1474    x$fpl$dmul          fz_wm.l(dmul.o)
    0x08015454   0x0000009c   Code   RO         1546    x$fpl$dnaninf       fz_wm.l(dnaninf.o)
    0x080154f0   0x0000000c   Code   RO         1548    x$fpl$dretinf       fz_wm.l(dretinf.o)
    0x080154fc   0x0000006c   Code   RO         1476    x$fpl$drleqf        fz_wm.l(drleqf.o)
    0x08015568   0x00000016   Code   RO         1457    x$fpl$drsb          fz_wm.l(daddsub_clz.o)
    0x0801557e   0x00000002   PAD
    0x08015580   0x00000198   Code   RO         1550    x$fpl$dsqrt         fz_wm.l(dsqrt_umaal.o)
    0x08015718   0x000001d4   Code   RO         1458    x$fpl$dsub          fz_wm.l(daddsub_clz.o)
    0x080158ec   0x00000056   Code   RO         1478    x$fpl$f2d           fz_wm.l(f2d.o)
    0x08015942   0x0000008c   Code   RO         1552    x$fpl$fnaninf       fz_wm.l(fnaninf.o)
    0x080159ce   0x0000000a   Code   RO         1718    x$fpl$fpinit        fz_wm.l(fpinit.o)
    0x080159d8   0x00000004   Code   RO         1554    x$fpl$printf1       fz_wm.l(printf1.o)
    0x080159dc   0x00000000   Code   RO         1556    x$fpl$usenofp       fz_wm.l(usenofp.o)
    0x080159dc   0x000017c0   Data   RO          313    .constdata          lcd.o
    0x0801719c   0x000000c2   Data   RO          585    .constdata          gt9147.o
    0x0801725e   0x0000000a   Data   RO          609    .constdata          ott2001a.o
    0x08017268   0x00000004   Data   RO          633    .constdata          touch.o
    0x0801726c   0x0000001c   Data   RO          783    .constdata          stm32f4xx_fsmc.o
    0x08017288   0x00000024   Data   RO          953    .constdata          malloc.o
    0x080172ac   0x0000003a   Data   RO         1069    .constdata          ff.o
    0x080172e6   0x000003c0   Data   RO         1144    .constdata          mycc936.o
    0x080176a6   0x00000002   PAD
    0x080176a8   0x00000010   Data   RO         1166    .constdata          fontupd.o
    0x080176b8   0x0000000c   Data   RO         1347    .constdata          sim900a.o
    0x080176c4   0x00000028   Data   RO         1412    .constdata          c_w.l(_printf_hex_int_ll_ptr.o)
    0x080176ec   0x00000011   Data   RO         1432    .constdata          c_w.l(__printf_flags_ss_wp.o)
    0x080176fd   0x00000003   PAD
    0x08017700   0x00000008   Data   RO         1514    .constdata          c_w.l(_printf_wctomb.o)
    0x08017708   0x00000094   Data   RO         1612    .constdata          c_w.l(bigflt0.o)
    0x0801779c   0x00000079   Data   RO          634    .conststring        touch.o
    0x08017815   0x00000003   PAD
    0x08017818   0x00000028   Data   RO          980    .conststring        usmart.o
    0x08017840   0x00000070   Data   RO         1003    .conststring        usmart_config.o
    0x080178b0   0x00000060   Data   RO         1090    .conststring        exfuns.o
    0x08017910   0x0000005f   Data   RO         1167    .conststring        fontupd.o
    0x0801796f   0x00000001   PAD
    0x08017970   0x000000c9   Data   RO         1348    .conststring        sim900a.o
    0x08017a39   0x00000003   PAD
    0x08017a3c   0x00000020   Data   RO         1775    Region$$Table       anon$$obj.o
    0x08017a5c   0x0000001c   Data   RO         1636    locale$$data        c_w.l(lc_numeric_c.o)
    0x08017a78   0x00000110   Data   RO         1653    locale$$data        c_w.l(lc_ctype_c.o)


    Execution Region RW_IRAM1 (Base: 0x20000000, Size: 0x0001ca08, Max: 0x00020000, ABSOLUTE, COMPRESSED[0x00000114])

    Base Addr    Size         Type   Attr      Idx    E Section Name        Object

    0x20000000   0x00000014   Data   RW          266    .data               system_stm32f4xx.o
    0x20000014   0x00000004   Data   RW          314    .data               lcd.o
    0x20000018   0x00000001   Data   RW          350    .data               key.o
    0x20000019   0x00000001   PAD
    0x2000001a   0x00000002   Data   RW          395    .data               w25qxx.o
    0x2000001c   0x00000010   Data   RW          422    .data               sdio_sdcard.o
    0x2000002c   0x00000002   Data   RW          526    .data               usart3.o
    0x2000002e   0x00000001   Data   RW          586    .data               gt9147.o
    0x2000002f   0x00000001   Data   RW          610    .data               ott2001a.o
    0x20000030   0x00000036   Data   RW          635    .data               touch.o
    0x20000066   0x00000004   Data   RW          665    .data               delay.o
    0x2000006a   0x00000002   PAD
    0x2000006c   0x00000006   Data   RW          706    .data               usart.o
    0x20000072   0x00000010   Data   RW          826    .data               stm32f4xx_rcc.o
    0x20000082   0x00000002   PAD
    0x20000084   0x00000024   Data   RW          954    .data               malloc.o
    0x200000a8   0x0000001c   Data   RW          981    .data               usmart.o
    0x200000c4   0x0000010c   Data   RW         1004    .data               usmart_config.o
    0x200001d0   0x00000002   Data   RW         1045    .data               diskio.o
    0x200001d2   0x00000002   PAD
    0x200001d4   0x0000000a   Data   RW         1070    .data               ff.o
    0x200001de   0x00000002   PAD
    0x200001e0   0x00000154   Data   RW         1091    .data               exfuns.o
    0x20000334   0x00000081   Data   RW         1349    .data               sim900a.o
    0x200003b5   0x00000003   PAD
    0x200003b8   0x0000000e   Zero   RW          312    .bss                lcd.o
    0x200003c6   0x00001000   Zero   RW          394    .bss                w25qxx.o
    0x200013c6   0x00000002   PAD
    0x200013c8   0x000002c0   Zero   RW          421    .bss                sdio_sdcard.o
    0x20001688   0x00000320   Zero   RW          525    .bss                usart3.o
    0x200019a8   0x000000c8   Zero   RW          705    .bss                usart.o
    0x20001a70   0x00000010   PAD
    0x20001a80   0x0001a900   Zero   RW          952    .bss                malloc.o
    0x2001c380   0x00000021   Zero   RW         1165    .bss                fontupd.o
    0x2001c3a1   0x00000003   PAD
    0x2001c3a4   0x00000060   Zero   RW         1596    .bss                c_w.l(libspace.o)
    0x2001c404   0x00000004   PAD
    0x2001c408   0x00000200   Zero   RW          734    HEAP                startup_stm32f40_41xxx.o
    0x2001c608   0x00000400   Zero   RW          733    STACK               startup_stm32f40_41xxx.o



  Load Region LR$$.ARM.__AT_0x10000000 (Base: 0x10000000, Size: 0x00000000, Max: 0x0000f000, ABSOLUTE)

    Execution Region ER$$.ARM.__AT_0x10000000 (Base: 0x10000000, Size: 0x0000f000, Max: 0x0000f000, ABSOLUTE, UNINIT)

    Base Addr    Size         Type   Attr      Idx    E Section Name        Object

    0x10000000   0x0000f000   Zero   RW          948    .ARM.__AT_0x10000000  malloc.o



  Load Region LR$$.ARM.__AT_0x1000F000 (Base: 0x1000f000, Size: 0x00000000, Max: 0x00000f00, ABSOLUTE)

    Execution Region ER$$.ARM.__AT_0x1000F000 (Base: 0x1000f000, Size: 0x00000f00, Max: 0x00000f00, ABSOLUTE, UNINIT)

    Base Addr    Size         Type   Attr      Idx    E Section Name        Object

    0x1000f000   0x00000f00   Zero   RW          949    .ARM.__AT_0x1000F000  malloc.o



  Load Region LR$$.ARM.__AT_0x68000000 (Base: 0x68000000, Size: 0x00000000, Max: 0x000f0000, ABSOLUTE)

    Execution Region ER$$.ARM.__AT_0x68000000 (Base: 0x68000000, Size: 0x000f0000, Max: 0x000f0000, ABSOLUTE, UNINIT)

    Base Addr    Size         Type   Attr      Idx    E Section Name        Object

    0x68000000   0x000f0000   Zero   RW          950    .ARM.__AT_0x68000000  malloc.o



  Load Region LR$$.ARM.__AT_0x680F0000 (Base: 0x680f0000, Size: 0x00000000, Max: 0x0000f000, ABSOLUTE)

    Execution Region ER$$.ARM.__AT_0x680F0000 (Base: 0x680f0000, Size: 0x0000f000, Max: 0x0000f000, ABSOLUTE, UNINIT)

    Base Addr    Size         Type   Attr      Idx    E Section Name        Object

    0x680f0000   0x0000f000   Zero   RW          951    .ARM.__AT_0x680F0000  malloc.o


==============================================================================

Image component sizes


      Code (inc. data)   RO Data    RW Data    ZI Data      Debug   Object Name

       378          0          0          0          0       2670   24cxx.o
       596         24          0          0          0       2065   ctiic.o
       260          8          0          4          0       1441   delay.o
       464          8          0          2          0       4210   diskio.o
       420         22         96        340          0       2664   exfuns.o
     12950        138         58         10          0      36674   ff.o
      1504        158        111          0         33       4160   fontupd.o
      1004         74        194          1          0       2906   gt9147.o
       260         12          0          1          0        868   key.o
     18508        172       6080          4         14      22149   lcd.o
        64          4          0          0          0        527   led.o
       536        132          0          0          0     320295   main.o
       556         18         36         36    1218560       4857   malloc.o
       224         20          0          0          0       1825   misc.o
       204         12        960          0          0       1649   mycc936.o
       604         14          0          0          0       1900   myiic.o
       904         66         10          1          0       2679   ott2001a.o
      7468        274          0         16        704      24937   sdio_sdcard.o
      9056       1808        213        129          0      10676   sim900a.o
       280          8          0          0          0       1061   spi.o
        64         26        392          0       1536        840   startup_stm32f40_41xxx.o
       936         32          0          0          0       6297   stm32f4xx_dma.o
      1480         18         28          0          0       5626   stm32f4xx_fsmc.o
       660         44          0          0          0       4101   stm32f4xx_gpio.o
        26          0          0          0          0       1226   stm32f4xx_it.o
      1628         52          0         16          0      12892   stm32f4xx_rcc.o
       476         16          0          0          0       7396   stm32f4xx_sdio.o
      1152         36          0          0          0       6849   stm32f4xx_spi.o
      3234         60          0          0          0      22304   stm32f4xx_tim.o
      1108         34          0          0          0       7800   stm32f4xx_usart.o
        16          0          0          0          0        492   sys.o
       528         46          0         20          0       1787   system_stm32f4xx.o
       724         16          0          0          0       2976   text.o
       128          8          0          0          0        800   timer.o
      4256        226        125         54          0       6633   touch.o
       340         18          0          6        200       3326   usart.o
       392         26          0          2        800       2578   usart3.o
      3124       1286         40         28          0       4378   usmart.o
         0          0        112        268          0       1504   usmart_config.o
      1320         12          0          0          0       5169   usmart_str.o
       904         34          0          2       4096       4353   w25qxx.o

    ----------------------------------------------------------------------
     78744       4962       8496        952    1225964     559540   Object Totals
         0          0         32          0          0          0   (incl. Generated)
         8          0          9         12         21          0   (incl. Padding)

    ----------------------------------------------------------------------

      Code (inc. data)   RO Data    RW Data    ZI Data      Debug   Library Member Name

        24          4          0          0          0         84   __2printf.o
        44          6          0          0          0         84   __2sprintf.o
        90          0          0          0          0          0   __dczerorl2.o
         8          0          0          0          0         68   __main.o
       392          4         17          0          0         92   __printf_flags_ss_wp.o
        14          0          0          0          0         68   __printf_wp.o
        52          8          0          0          0          0   __scatter.o
        28          0          0          0          0          0   __scatter_zi.o
         6          0          0          0          0          0   _printf_a.o
         6          0          0          0          0          0   _printf_c.o
        44          0          0          0          0        108   _printf_char.o
        48          6          0          0          0         96   _printf_char_common.o
        36          4          0          0          0         80   _printf_char_file.o
        40          0          0          0          0         68   _printf_charcount.o
         6          0          0          0          0          0   _printf_d.o
       116         16          0          0          0         92   _printf_dec.o
         6          0          0          0          0          0   _printf_e.o
         6          0          0          0          0          0   _printf_f.o
      1046          0          0          0          0        216   _printf_fp_dec.o
       128         16          0          0          0         84   _printf_fp_infnan.o
         6          0          0          0          0          0   _printf_g.o
       148          4         40          0          0        160   _printf_hex_int_ll_ptr.o
         6          0          0          0          0          0   _printf_i.o
       178          0          0          0          0         88   _printf_intcommon.o
        10          0          0          0          0          0   _printf_l.o
         6          0          0          0          0          0   _printf_lc.o
        10          0          0          0          0          0   _printf_ll.o
         6          0          0          0          0          0   _printf_lld.o
         6          0          0          0          0          0   _printf_lli.o
         6          0          0          0          0          0   _printf_llo.o
         6          0          0          0          0          0   _printf_llu.o
         6          0          0          0          0          0   _printf_llx.o
       120         16          0          0          0         92   _printf_longlong_dec.o
         6          0          0          0          0          0   _printf_ls.o
         6          0          0          0          0          0   _printf_n.o
         6          0          0          0          0          0   _printf_o.o
       112          8          0          0          0        124   _printf_oct_int_ll.o
         6          0          0          0          0          0   _printf_p.o
        78          0          0          0          0        108   _printf_pad.o
         0          0          0          0          0          0   _printf_percent.o
         4          0          0          0          0          0   _printf_percent_end.o
         6          0          0          0          0          0   _printf_s.o
        82          0          0          0          0         80   _printf_str.o
        36          0          0          0          0         84   _printf_truncate.o
         6          0          0          0          0          0   _printf_u.o
        44          0          0          0          0        108   _printf_wchar.o
       188          6          8          0          0         92   _printf_wctomb.o
         6          0          0          0          0          0   _printf_x.o
        22          0          0          0          0        100   _rserrno.o
        10          0          0          0          0         68   _sputc.o
        64          0          0          0          0         92   _wcrtomb.o
       216          4        148          0          0         96   bigflt0.o
      1910        128          0          0          0        672   btod.o
        36          4          0          0          0         76   c89vsprintf.o
        12          0          0          0          0         72   exit.o
         8          0          0          0          0         68   ferror.o
         6          0          0          0          0        152   heapauxi.o
        44         10        272          0          0         76   lc_ctype_c.o
        44         10         28          0          0         76   lc_numeric_c.o
         2          0          0          0          0          0   libinit.o
        34          0          0          0          0          0   libinit2.o
         2          0          0          0          0          0   libshutdown.o
         2          0          0          0          0          0   libshutdown2.o
         8          4          0          0         96         68   libspace.o
        72          0          0          0          0         76   llsdiv.o
       138          0          0          0          0         80   lludiv10.o
       238          0          0          0          0        100   lludivv7m.o
        16          4          0          0          0         76   rt_ctype_table.o
         8          4          0          0          0         68   rt_errno_addr_intlibspace.o
         8          4          0          0          0         68   rt_locale_intlibspace.o
       138          0          0          0          0         68   rt_memcpy_v6.o
       100          0          0          0          0         80   rt_memcpy_w.o
         0          0          0          0          0          0   rtentry.o
        12          0          0          0          0          0   rtentry2.o
         6          0          0          0          0          0   rtentry4.o
         2          0          0          0          0          0   rtexit.o
        10          0          0          0          0          0   rtexit2.o
        24          0          0          0          0         68   strcat.o
       128          0          0          0          0         68   strcmpv7m.o
        72          0          0          0          0         80   strcpy.o
        62          0          0          0          0         76   strlen.o
        36          0          0          0          0         80   strstr.o
        74          0          0          0          0         80   sys_stackheap_outer.o
         2          0          0          0          0         68   use_no_semi.o
         2          0          0          0          0         68   use_no_semi_2.o
       826         16          0          0          0        492   daddsub_clz.o
        24          0          0          0          0        116   dcmpi.o
        90          4          0          0          0        140   dfixu.o
        84          0          0          0          0        232   dflt_clz.o
       120          4          0          0          0        140   dleqf.o
       340         12          0          0          0        152   dmul.o
       156          4          0          0          0        140   dnaninf.o
        12          0          0          0          0        116   dretinf.o
       108          0          0          0          0        128   drleqf.o
       408         56          0          0          0        168   dsqrt_umaal.o
        86          4          0          0          0        132   f2d.o
       140          4          0          0          0        132   fnaninf.o
        10          0          0          0          0        116   fpinit.o
         4          0          0          0          0        116   printf1.o
         0          0          0          0          0          0   usenofp.o
        48          0          0          0          0        124   fpclassify.o
       122          0          0          0          0        148   sqrt.o

    ----------------------------------------------------------------------
      9404        374        516          0        100       7488   Library Totals
        18          0          3          0          4          0   (incl. Padding)

    ----------------------------------------------------------------------

      Code (inc. data)   RO Data    RW Data    ZI Data      Debug   Library Name

      6808        270        513          0         96       4896   c_w.l
      2408        104          0          0          0       2320   fz_wm.l
       170          0          0          0          0        272   m_wm.l

    ----------------------------------------------------------------------
      9404        374        516          0        100       7488   Library Totals

    ----------------------------------------------------------------------

==============================================================================


      Code (inc. data)   RO Data    RW Data    ZI Data      Debug   

     88148       5336       9012        952    1226064     554672   Grand Totals
     88148       5336       9012        276    1226064     554672   ELF Image Totals (compressed)
     88148       5336       9012        276          0          0   ROM Totals

==============================================================================

    Total RO  Size (Code + RO Data)                97160 (  94.88kB)
    Total RW  Size (RW Data + ZI Data)           1227016 (1198.26kB)
    Total ROM Size (Code + RO Data + RW Data)      97436 (  95.15kB)

==============================================================================

