<html>
<body>
<pre>
<h1>µVision Build Log</h1>
<h2>Project:</h2>
C:\Users\hitguokai\Desktop\job\atk---yuanlai\USER\ATK-SIM900A-GSM-GPRS.uvproj
Project File Date:  10/29/2014

<h2>Output:</h2>
Rebuild target 'ATK-SIM900A-GSM-GPRS'
compiling main.c...
compiling stm32f4xx_it.c...
compiling system_stm32f4xx.c...
compiling led.c...
compiling lcd.c...
compiling key.c...
compiling spi.c...
compiling w25qxx.c...
compiling sdio_sdcard.c...
compiling 24cxx.c...
compiling myiic.c...
compiling timer.c...
compiling usart3.c...
compiling ctiic.c...
compiling gt9147.c...
compiling ott2001a.c...
compiling touch.c...
compiling delay.c...
compiling sys.c...
compiling usart.c...
assembling startup_stm32f40_41xxx.s...
compiling misc.c...
compiling stm32f4xx_dma.c...
compiling stm32f4xx_fsmc.c...
compiling stm32f4xx_gpio.c...
compiling stm32f4xx_rcc.c...
compiling stm32f4xx_sdio.c...
compiling stm32f4xx_syscfg.c...
compiling stm32f4xx_usart.c...
compiling stm32f4xx_spi.c...
compiling stm32f4xx_tim.c...
compiling malloc.c...
compiling usmart.c...
compiling usmart_config.c...
compiling usmart_str.c...
compiling diskio.c...
compiling ff.c...
compiling exfuns.c...
compiling fattester.c...
compiling mycc936.c...
compiling fontupd.c...
compiling text.c...
compiling bmp.c...
compiling gif.c...
compiling piclib.c...
compiling tjpgd.c...
compiling sim900a.c...
linking...
Program Size: Code=88148 RO-data=9012 RW-data=952 ZI-data=1226064  
FromELF: creating hex file...
"..\OBJ\ATK-SIM900A-GSM-GPRS.axf" - 0 Error(s), 0 Warning(s).
</pre>
</body>
</html>
